 
=================================================================================================================================================
SOCIEDAD DE BENEFICENCIA DE PIURA       
       BOLETA DE PAGO DE REMUNERACIONES     OCTUBRE DEL 2022   PERSONAL 728 - RECURSOS DIRECTAMENTE RECAUDADOS                            
31    VERA CHINCHAY JUAN LUIS                                                                          3A, 10M, 28D.      
      728                                                    728                                      AFP PROF.           
      DIRECTAMENTE RECAUDADOS                
INGRESOS: 
REMUNERACION        1,995.00 LEY 25129              93.00                                                                                        
EGRESOS:  
FDO. PENS.            208.80 COM. FLUJO             35.29 P.SEG. PROF.           36.33 CONS. MED.             31.00 PRESTAMO CMAC         374.70 
   INGRESO BRUTO: S/.   2,088.00       DESCUENTOS: S/.      686.12          INGRESO NETO: S/.   1,401.88                                         



                                            ÄÄÄÄÄÄÄÄÄÄÄÄÄÄÄÄÄÄÄÄÄ               ÄÄÄÄÄÄÄÄÄÄÄÄÄÄÄÄÄÄÄÄÄ
                                             OFICINA DE PERSONAL                      TRABAJADOR
=================================================================================================================================================

