                                                                                                                                    1
 
=================================================================================================================================================
SOCIEDAD DE BENEFICENCIA DE PIURA       
       BOLETA DE PAGO DE REMUNERACIONES     NOVIEMBRE DEL 2022 PERSONAL 728 - RECURSOS DIRECTAMENTE RECAUDADOS                            
01    ARELLANO ZAPATA MARIA DE GUADALUPE                     ACTIVO - OCUPADA                          2A,  6M,  3D.      
      728                                                    728                                      AFP INTEGRA         
      DIRECTAMENTE RECAUDADOS                
INGRESOS: 
REMUNERACION        6,262.00 LEY 25129              93.00                                                                                        
EGRESOS:  
FDO. PENS.            635.50 COM. MIXTA INTEGRA           P. SEG. INTEGRA       110.58 RENTA 5TA.            552.00                              
   INGRESO BRUTO: S/.   6,355.00       DESCUENTOS: S/.    1,298.08          INGRESO NETO: S/.   5,056.92                                         



                                            ÄÄÄÄÄÄÄÄÄÄÄÄÄÄÄÄÄÄÄÄÄ               ÄÄÄÄÄÄÄÄÄÄÄÄÄÄÄÄÄÄÄÄÄ
                                             OFICINA DE PERSONAL                      TRABAJADOR
=================================================================================================================================================
SOCIEDAD DE BENEFICENCIA DE PIURA       
       BOLETA DE PAGO DE REMUNERACIONES     NOVIEMBRE DEL 2022 PERSONAL 728 - RECURSOS DIRECTAMENTE RECAUDADOS                            
02    BENITES JUAREZ LUIS ALBERTO                                                                      2A,  1M,  6D.      
      728                                                    728                                      AFP PROF.           
      DIRECTAMENTE RECAUDADOS                
INGRESOS: 
REMUNERACION        1,025.00                                                                                                                     
EGRESOS:  
FDO. PENS.            102.50 COM. FLUJO             17.32 P.SEG. PROF.           17.84 COOP.LA REHABIL.      228.89                              
   INGRESO BRUTO: S/.   1,025.00       DESCUENTOS: S/.      366.55          INGRESO NETO: S/.     658.45                                         



                                            ÄÄÄÄÄÄÄÄÄÄÄÄÄÄÄÄÄÄÄÄÄ               ÄÄÄÄÄÄÄÄÄÄÄÄÄÄÄÄÄÄÄÄÄ
                                             OFICINA DE PERSONAL                      TRABAJADOR
=================================================================================================================================================
SOCIEDAD DE BENEFICENCIA DE PIURA       
       BOLETA DE PAGO DE REMUNERACIONES     NOVIEMBRE DEL 2022 PERSONAL 728 - RECURSOS DIRECTAMENTE RECAUDADOS                            
03    CARRION MOSCOL JESSICA KARINT                                                                    3A, 10M, 28D.      
      728                                                    728                                      AFP INTEGRA         
      DIRECTAMENTE RECAUDADOS                
INGRESOS: 
REMUNERACION        1,025.00 LEY 25129              93.00                                                                                        
EGRESOS:  
FDO. PENS.            111.80 OPTICA MOGOLLON        68.00 CUOTA SIND.728         10.00 P. SEG. INTEGRA        19.45 COM.FLUJO INTEGRA      17.33 
RIMAC SEGUROS          20.04 BANCO DE COMERCIO     444.05                                                                                        
   INGRESO BRUTO: S/.   1,118.00       DESCUENTOS: S/.      690.67          INGRESO NETO: S/.     427.33                                         



                                            ÄÄÄÄÄÄÄÄÄÄÄÄÄÄÄÄÄÄÄÄÄ               ÄÄÄÄÄÄÄÄÄÄÄÄÄÄÄÄÄÄÄÄÄ
                                             OFICINA DE PERSONAL                      TRABAJADOR
                                                                                                                                    2
 
=================================================================================================================================================
SOCIEDAD DE BENEFICENCIA DE PIURA       
       BOLETA DE PAGO DE REMUNERACIONES     NOVIEMBRE DEL 2022 PERSONAL 728 - RECURSOS DIRECTAMENTE RECAUDADOS                            
04    CATERIANO DE CUEVA MILAGROS GEORGINA                                                             3A,  1M, 28D.      
      728                                                    728                                      AFP INTEGRA         
      DIRECTAMENTE RECAUDADOS                
INGRESOS: 
REMUNERACION        1,025.00                                                                                                                     
EGRESOS:  
FDO. PENS.            102.50 CUOTA SIND.728         10.00 P. SEG. INTEGRA        17.84 TARDANZAS, HORAS        8.52 RIMAC SEGUROS          37.89 
   INGRESO BRUTO: S/.   1,025.00       DESCUENTOS: S/.      176.75          INGRESO NETO: S/.     848.25                                         



                                            ÄÄÄÄÄÄÄÄÄÄÄÄÄÄÄÄÄÄÄÄÄ               ÄÄÄÄÄÄÄÄÄÄÄÄÄÄÄÄÄÄÄÄÄ
                                             OFICINA DE PERSONAL                      TRABAJADOR
=================================================================================================================================================
SOCIEDAD DE BENEFICENCIA DE PIURA       
       BOLETA DE PAGO DE REMUNERACIONES     NOVIEMBRE DEL 2022 PERSONAL 728 - RECURSOS DIRECTAMENTE RECAUDADOS                            
05    CASTILLO SALIRROSAS FIDEL ANGEL                                                                  3A, 10M, 28D.      
      728                                                    728                                      AFP PROF.           
      DIRECTAMENTE RECAUDADOS                
INGRESOS: 
REMUNERACION        1,025.00 LEY 25129              93.00                                                                                        
EGRESOS:  
FDO. PENS.            111.80 COM. FLUJO             18.89 P.SEG. PROF.           19.45 CUOTA SIND.728         10.00 RIMAC SEGUROS          29.00 
BANCO DE COMERCIO     446.40                                                                                                                     
   INGRESO BRUTO: S/.   1,118.00       DESCUENTOS: S/.      635.54          INGRESO NETO: S/.     482.46                                         



                                            ÄÄÄÄÄÄÄÄÄÄÄÄÄÄÄÄÄÄÄÄÄ               ÄÄÄÄÄÄÄÄÄÄÄÄÄÄÄÄÄÄÄÄÄ
                                             OFICINA DE PERSONAL                      TRABAJADOR
=================================================================================================================================================
SOCIEDAD DE BENEFICENCIA DE PIURA       
       BOLETA DE PAGO DE REMUNERACIONES     NOVIEMBRE DEL 2022 PERSONAL 728 - RECURSOS DIRECTAMENTE RECAUDADOS                            
06    CIENFUEGOS MARCHENA VICTOR                                                                       3A, 10M, 28D.      
      728                                                    728                                      CNP LEY 19990       
      DIRECTAMENTE RECAUDADOS                
INGRESOS: 
REMUNERACION        1,025.00                                                                                                                     
EGRESOS:  
S.N.P.                133.25 TARDANZAS, HORAS        9.03                                                                                        
   INGRESO BRUTO: S/.   1,025.00       DESCUENTOS: S/.      142.28          INGRESO NETO: S/.     882.72                                         



                                            ÄÄÄÄÄÄÄÄÄÄÄÄÄÄÄÄÄÄÄÄÄ               ÄÄÄÄÄÄÄÄÄÄÄÄÄÄÄÄÄÄÄÄÄ
                                             OFICINA DE PERSONAL                      TRABAJADOR
                                                                                                                                    3
 
=================================================================================================================================================
SOCIEDAD DE BENEFICENCIA DE PIURA       
       BOLETA DE PAGO DE REMUNERACIONES     NOVIEMBRE DEL 2022 PERSONAL 728 - RECURSOS DIRECTAMENTE RECAUDADOS                            
07    CORDOVA CORDOVA TORIBIA                                                                          3A,  9M, 28D.      
      728                                                    728                                      AFP INTEGRA         
      DIRECTAMENTE RECAUDADOS                
INGRESOS: 
REMUNERACION        1,025.00                                                                                                                     
EGRESOS:  
FDO. PENS.            102.50 CUOTA SIND.728         10.00                                                                                        
   INGRESO BRUTO: S/.   1,025.00       DESCUENTOS: S/.      112.50          INGRESO NETO: S/.     912.50                                         



                                            ÄÄÄÄÄÄÄÄÄÄÄÄÄÄÄÄÄÄÄÄÄ               ÄÄÄÄÄÄÄÄÄÄÄÄÄÄÄÄÄÄÄÄÄ
                                             OFICINA DE PERSONAL                      TRABAJADOR
=================================================================================================================================================
SOCIEDAD DE BENEFICENCIA DE PIURA       
       BOLETA DE PAGO DE REMUNERACIONES     NOVIEMBRE DEL 2022 PERSONAL 728 - RECURSOS DIRECTAMENTE RECAUDADOS                            
08    CORDOVA VASQUEZ ROSA LOURDES                                                                     3A, 10M, 28D.      
      728                                                    728                                      AFP PROF.           
      DIRECTAMENTE RECAUDADOS                
INGRESOS: 
REMUNERACION        1,025.00 LEY 25129              93.00 BONIF.ENCARGATURA     400.00                                                           
EGRESOS:  
FDO. PENS.            111.80 COM. FLUJO             18.89 P.SEG. PROF.           19.45 SERVISEPF              50.00 PRESTAMO CMAC         431.30 
   INGRESO BRUTO: S/.   1,518.00       DESCUENTOS: S/.      631.44          INGRESO NETO: S/.     886.56                                         



                                            ÄÄÄÄÄÄÄÄÄÄÄÄÄÄÄÄÄÄÄÄÄ               ÄÄÄÄÄÄÄÄÄÄÄÄÄÄÄÄÄÄÄÄÄ
                                             OFICINA DE PERSONAL                      TRABAJADOR
=================================================================================================================================================
SOCIEDAD DE BENEFICENCIA DE PIURA       
       BOLETA DE PAGO DE REMUNERACIONES     NOVIEMBRE DEL 2022 PERSONAL 728 - RECURSOS DIRECTAMENTE RECAUDADOS                            
09    DOMINGUEZ BERRU ALEX CRISTOBAL                                                                   3A, 10M, 28D.      
      728                                                    728                                      AFP PROF.           
      DIRECTAMENTE RECAUDADOS                
INGRESOS: 
REMUNERACION        1,025.00 LEY 25129              93.00                                                                                        
EGRESOS:  
FDO. PENS.            111.80 COM. FLUJO             18.89 P.SEG. PROF.           19.45 CUOTA SIND.728         10.00                              
   INGRESO BRUTO: S/.   1,118.00       DESCUENTOS: S/.      160.14          INGRESO NETO: S/.     957.86                                         



                                            ÄÄÄÄÄÄÄÄÄÄÄÄÄÄÄÄÄÄÄÄÄ               ÄÄÄÄÄÄÄÄÄÄÄÄÄÄÄÄÄÄÄÄÄ
                                             OFICINA DE PERSONAL                      TRABAJADOR
                                                                                                                                    4
 
=================================================================================================================================================
SOCIEDAD DE BENEFICENCIA DE PIURA       
       BOLETA DE PAGO DE REMUNERACIONES     NOVIEMBRE DEL 2022 PERSONAL 728 - RECURSOS DIRECTAMENTE RECAUDADOS                            
10    DURAND SILUPU ZACARIAS                                                                           3A, 10M, 28D.      
      728                                                    728                                      AFP PROF.           
      DIRECTAMENTE RECAUDADOS                
INGRESOS: 
REMUNERACION        1,025.00                                                                                                                     
EGRESOS:  
FDO. PENS.            102.50 COM. FLUJO             17.32 P.SEG. PROF.           17.84 CUOTA SIND.728         10.00 RIMAC SEGUROS          37.89 
BANCO DE COMERCIO     367.89                                                                                                                     
   INGRESO BRUTO: S/.   1,025.00       DESCUENTOS: S/.      553.44          INGRESO NETO: S/.     471.56                                         



                                            ÄÄÄÄÄÄÄÄÄÄÄÄÄÄÄÄÄÄÄÄÄ               ÄÄÄÄÄÄÄÄÄÄÄÄÄÄÄÄÄÄÄÄÄ
                                             OFICINA DE PERSONAL                      TRABAJADOR
=================================================================================================================================================
SOCIEDAD DE BENEFICENCIA DE PIURA       
       BOLETA DE PAGO DE REMUNERACIONES     NOVIEMBRE DEL 2022 PERSONAL 728 - RECURSOS DIRECTAMENTE RECAUDADOS                            
11    ESPINOZA MECA JAVIER MILTON                                                                      3A, 10M, 28D.      
      728                                                    728                                      AFP PROF.           
      DIRECTAMENTE RECAUDADOS                
INGRESOS: 
REMUNERACION        1,025.00 LEY 25129              93.00                                                                                        
EGRESOS:  
FDO. PENS.            111.80 COM. FLUJO             18.89 P.SEG. PROF.           19.45 CONS. MED.             15.00 CUOTA SIND.728         10.00 
TARDANZAS, HORAS        2.13 BANCO DE COMERCIO     385.60                                                                                        
   INGRESO BRUTO: S/.   1,118.00       DESCUENTOS: S/.      562.87          INGRESO NETO: S/.     555.13                                         



                                            ÄÄÄÄÄÄÄÄÄÄÄÄÄÄÄÄÄÄÄÄÄ               ÄÄÄÄÄÄÄÄÄÄÄÄÄÄÄÄÄÄÄÄÄ
                                             OFICINA DE PERSONAL                      TRABAJADOR
=================================================================================================================================================
SOCIEDAD DE BENEFICENCIA DE PIURA       
       BOLETA DE PAGO DE REMUNERACIONES     NOVIEMBRE DEL 2022 PERSONAL 728 - RECURSOS DIRECTAMENTE RECAUDADOS                            
12    ESTEVES GUTIERREZ CELIA                                                                          3A, 10M, 28D.      
      728                                                    728                                      CNP LEY 19990       
      DIRECTAMENTE RECAUDADOS                
INGRESOS: 
REMUNERACION        1,025.00 LEY 25129              93.00                                                                                        
EGRESOS:  
S.N.P.                145.34 PRESTAMO CMAC         377.70 CUOTA SIND.728         10.00                                                           
   INGRESO BRUTO: S/.   1,118.00       DESCUENTOS: S/.      533.04          INGRESO NETO: S/.     584.96                                         



                                            ÄÄÄÄÄÄÄÄÄÄÄÄÄÄÄÄÄÄÄÄÄ               ÄÄÄÄÄÄÄÄÄÄÄÄÄÄÄÄÄÄÄÄÄ
                                             OFICINA DE PERSONAL                      TRABAJADOR
                                                                                                                                    5
 
=================================================================================================================================================
SOCIEDAD DE BENEFICENCIA DE PIURA       
       BOLETA DE PAGO DE REMUNERACIONES     NOVIEMBRE DEL 2022 PERSONAL 728 - RECURSOS DIRECTAMENTE RECAUDADOS                            
13    FARFAN YARLEQUE CLARA MARIA DEL SOCORRO                                                          3A, 10M, 28D.      
      728                                                    728                                      AFP INTEGRA         
      DIRECTAMENTE RECAUDADOS                
INGRESOS: 
REMUNERACION        1,025.00                                                                                                                     
EGRESOS:  
FDO. PENS.            102.50 CUOTA SIND.728         10.00 COM.FLUJO INTEGRA      15.89                                                           
   INGRESO BRUTO: S/.   1,025.00       DESCUENTOS: S/.      128.39          INGRESO NETO: S/.     896.61                                         



                                            ÄÄÄÄÄÄÄÄÄÄÄÄÄÄÄÄÄÄÄÄÄ               ÄÄÄÄÄÄÄÄÄÄÄÄÄÄÄÄÄÄÄÄÄ
                                             OFICINA DE PERSONAL                      TRABAJADOR
=================================================================================================================================================
SOCIEDAD DE BENEFICENCIA DE PIURA       
       BOLETA DE PAGO DE REMUNERACIONES     NOVIEMBRE DEL 2022 PERSONAL 728 - RECURSOS DIRECTAMENTE RECAUDADOS                            
14    SAAVEDRA NEGRON DELFOR FLORENTINO                      ACTIVO - VACANTE                          3A,  1M, 28D.      
      728                                                    728                                      ONP (SNP)           
      DIRECTAMENTE RECAUDADOS                
INGRESOS: 
REMUNERACION        1,025.00 LEY 25129              93.00                                                                                        
EGRESOS:  
S.N.P.                145.34 CUOTA SIND.728         10.00                                                                                        
   INGRESO BRUTO: S/.   1,118.00       DESCUENTOS: S/.      155.34          INGRESO NETO: S/.     962.66                                         



                                            ÄÄÄÄÄÄÄÄÄÄÄÄÄÄÄÄÄÄÄÄÄ               ÄÄÄÄÄÄÄÄÄÄÄÄÄÄÄÄÄÄÄÄÄ
                                             OFICINA DE PERSONAL                      TRABAJADOR
=================================================================================================================================================
SOCIEDAD DE BENEFICENCIA DE PIURA       
       BOLETA DE PAGO DE REMUNERACIONES     NOVIEMBRE DEL 2022 PERSONAL 728 - RECURSOS DIRECTAMENTE RECAUDADOS                            
15    GARCIA CRISANTO NELLY DEL SOCORRO                                                                3A, 10M, 28D.      
      728                                                    728                                      AFP PROF.           
      DIRECTAMENTE RECAUDADOS                
INGRESOS: 
REMUNERACION        1,030.00                                                                                                                     
EGRESOS:  
FDO. PENS.            103.00 COM. FLUJO             17.41 P.SEG. PROF.           17.92 SERVISEPF              30.00 CUOTA SIND.728         10.03 
COOP.LA REHABIL.      186.41 BANCO DE COMERCIO     420.00                                                                                        
   INGRESO BRUTO: S/.   1,030.00       DESCUENTOS: S/.      784.77          INGRESO NETO: S/.     245.23                                         



                                            ÄÄÄÄÄÄÄÄÄÄÄÄÄÄÄÄÄÄÄÄÄ               ÄÄÄÄÄÄÄÄÄÄÄÄÄÄÄÄÄÄÄÄÄ
                                             OFICINA DE PERSONAL                      TRABAJADOR
                                                                                                                                    6
 
=================================================================================================================================================
SOCIEDAD DE BENEFICENCIA DE PIURA       
       BOLETA DE PAGO DE REMUNERACIONES     NOVIEMBRE DEL 2022 PERSONAL 728 - RECURSOS DIRECTAMENTE RECAUDADOS                            
16    GALVEZ REYES GREGOR ALBERTO                                                                     **A,  0M, 29D.      
      728                                                    728                                      AFP PRIMA           
      DIRECTAMENTE RECAUDADOS                
INGRESOS: 
REMUNERACION        1,025.00 BONIF.ENCARGATURA     170.00                                                                                        
EGRESOS:  
FDO. PENS.            102.50 CUOTA SIND.728         10.00 COM.FLUJO PRIMA        16.40 P/SEG PRIMA            17.84 BANCO DE COMERCIO     436.71 
   INGRESO BRUTO: S/.   1,195.00       DESCUENTOS: S/.      583.45          INGRESO NETO: S/.     611.55                                         



                                            ÄÄÄÄÄÄÄÄÄÄÄÄÄÄÄÄÄÄÄÄÄ               ÄÄÄÄÄÄÄÄÄÄÄÄÄÄÄÄÄÄÄÄÄ
                                             OFICINA DE PERSONAL                      TRABAJADOR
=================================================================================================================================================
SOCIEDAD DE BENEFICENCIA DE PIURA       
       BOLETA DE PAGO DE REMUNERACIONES     NOVIEMBRE DEL 2022 PERSONAL 728 - RECURSOS DIRECTAMENTE RECAUDADOS                            
17    GARCIA MENDOZA SANTIAGO                                                                         **A,  0M, 29D.      
      728                                                    728                                      AFP PRIMA           
      DIRECTAMENTE RECAUDADOS                
INGRESOS: 
REMUNERACION        1,025.00                                                                                                                     
EGRESOS:  
FDO. PENS.            102.50 CUOTA SIND.728         10.00 COM.FLUJO PRIMA        16.40 P/SEG PRIMA            17.84                              
   INGRESO BRUTO: S/.   1,025.00       DESCUENTOS: S/.      146.74          INGRESO NETO: S/.     878.26                                         



                                            ÄÄÄÄÄÄÄÄÄÄÄÄÄÄÄÄÄÄÄÄÄ               ÄÄÄÄÄÄÄÄÄÄÄÄÄÄÄÄÄÄÄÄÄ
                                             OFICINA DE PERSONAL                      TRABAJADOR
=================================================================================================================================================
SOCIEDAD DE BENEFICENCIA DE PIURA       
       BOLETA DE PAGO DE REMUNERACIONES     NOVIEMBRE DEL 2022 PERSONAL 728 - RECURSOS DIRECTAMENTE RECAUDADOS                            
18    GOMEZ CAMACHO JOEL STUART                                                                       **A,  0M, 29D.      
      728                                                    728                                      AFP PROF.           
      DIRECTAMENTE RECAUDADOS                
INGRESOS: 
REMUNERACION        1,030.00 LEY 25129              93.00                                                                                        
EGRESOS:  
FDO. PENS.            112.30 COM. FLUJO             18.98 P.SEG. PROF.           19.54 OPTICA MOGOLLON       116.00 BANCO DE COMERCIO     438.81 
   INGRESO BRUTO: S/.   1,123.00       DESCUENTOS: S/.      705.63          INGRESO NETO: S/.     417.37                                         



                                            ÄÄÄÄÄÄÄÄÄÄÄÄÄÄÄÄÄÄÄÄÄ               ÄÄÄÄÄÄÄÄÄÄÄÄÄÄÄÄÄÄÄÄÄ
                                             OFICINA DE PERSONAL                      TRABAJADOR
                                                                                                                                    7
 
=================================================================================================================================================
SOCIEDAD DE BENEFICENCIA DE PIURA       
       BOLETA DE PAGO DE REMUNERACIONES     NOVIEMBRE DEL 2022 PERSONAL 728 - RECURSOS DIRECTAMENTE RECAUDADOS                            
19    GUERRERO GUEVARA ROSA INES                                                                       3A, 10M, 28D.      
      728                                                    728                                      CNP LEY 19990       
      DIRECTAMENTE RECAUDADOS                
INGRESOS: 
REMUNERACION        1,025.00 LEY 25129              93.00                                                                                        
EGRESOS:  
S.N.P.                145.34 CUOTA SIND.728         10.00 TARDANZAS, HORAS        2.84 RIMAC SEGUROS          36.50                              
   INGRESO BRUTO: S/.   1,118.00       DESCUENTOS: S/.      194.68          INGRESO NETO: S/.     923.32                                         



                                            ÄÄÄÄÄÄÄÄÄÄÄÄÄÄÄÄÄÄÄÄÄ               ÄÄÄÄÄÄÄÄÄÄÄÄÄÄÄÄÄÄÄÄÄ
                                             OFICINA DE PERSONAL                      TRABAJADOR
=================================================================================================================================================
SOCIEDAD DE BENEFICENCIA DE PIURA       
       BOLETA DE PAGO DE REMUNERACIONES     NOVIEMBRE DEL 2022 PERSONAL 728 - RECURSOS DIRECTAMENTE RECAUDADOS                            
20    JIMENEZ OROZCO ROSA EUMELIA                                                                      3A, 10M, 28D.      
      728                                                    COMEDOR SOCIAL                           AFP PROF.           
      DIRECTAMENTE RECAUDADOS                
INGRESOS: 
REMUNERACION        1,025.00                                                                                                                     
EGRESOS:  
FDO. PENS.            102.50 COM. FLUJO             17.32 CUOTA SIND.728         10.00 TARDANZAS, HORAS        2.58                              
   INGRESO BRUTO: S/.   1,025.00       DESCUENTOS: S/.      132.40          INGRESO NETO: S/.     892.60                                         



                                            ÄÄÄÄÄÄÄÄÄÄÄÄÄÄÄÄÄÄÄÄÄ               ÄÄÄÄÄÄÄÄÄÄÄÄÄÄÄÄÄÄÄÄÄ
                                             OFICINA DE PERSONAL                      TRABAJADOR
=================================================================================================================================================
SOCIEDAD DE BENEFICENCIA DE PIURA       
       BOLETA DE PAGO DE REMUNERACIONES     NOVIEMBRE DEL 2022 PERSONAL 728 - RECURSOS DIRECTAMENTE RECAUDADOS                            
21    JUAREZ PALACIOS JIMMY                                                                            3A, 10M, 28D.      
      728                                                    SERVISEPF                                AFP PROF.           
      DIRECTAMENTE RECAUDADOS                
INGRESOS: 
REMUNERACION        1,025.00 LEY 25129              93.00                                                                                        
EGRESOS:  
FDO. PENS.            111.80 COM. FLUJO             18.89 P.SEG. PROF.           19.45 CONS. MED.             30.00 CUOTA SIND.728         10.00 
   INGRESO BRUTO: S/.   1,118.00       DESCUENTOS: S/.      190.14          INGRESO NETO: S/.     927.86                                         



                                            ÄÄÄÄÄÄÄÄÄÄÄÄÄÄÄÄÄÄÄÄÄ               ÄÄÄÄÄÄÄÄÄÄÄÄÄÄÄÄÄÄÄÄÄ
                                             OFICINA DE PERSONAL                      TRABAJADOR
                                                                                                                                    8
 
=================================================================================================================================================
SOCIEDAD DE BENEFICENCIA DE PIURA       
       BOLETA DE PAGO DE REMUNERACIONES     NOVIEMBRE DEL 2022 PERSONAL 728 - RECURSOS DIRECTAMENTE RECAUDADOS                            
22    LEON HIDALGO MERCEDES VIRGINIA                                                                   3A, 10M, 28D.      
      728                                                    728                                      AFP PROF.           
      DIRECTAMENTE RECAUDADOS                
INGRESOS: 
REMUNERACION        1,025.00                                                                                                                     
EGRESOS:  
FDO. PENS.            102.50 COM. FLUJO             17.32 P.SEG. PROF.           17.84 PRESTAMO CMAC         414.10 CUOTA SIND.728         10.00 
   INGRESO BRUTO: S/.   1,025.00       DESCUENTOS: S/.      561.76          INGRESO NETO: S/.     463.24                                         



                                            ÄÄÄÄÄÄÄÄÄÄÄÄÄÄÄÄÄÄÄÄÄ               ÄÄÄÄÄÄÄÄÄÄÄÄÄÄÄÄÄÄÄÄÄ
                                             OFICINA DE PERSONAL                      TRABAJADOR
=================================================================================================================================================
SOCIEDAD DE BENEFICENCIA DE PIURA       
       BOLETA DE PAGO DE REMUNERACIONES     NOVIEMBRE DEL 2022 PERSONAL 728 - RECURSOS DIRECTAMENTE RECAUDADOS                            
23    ROJAS SERNAQUE VICTOR ALEXANDER                                                                  3A,  1M, 28D.      
      728                                                    728                                      AFP INTEGRA         
      DIRECTAMENTE RECAUDADOS                
INGRESOS: 
REMUNERACION        1,100.00 LEY 25129              93.00                                                                                        
EGRESOS:  
FDO. PENS.            119.30 PRESTAMO CMAC         359.00 CUOTA SIND.728         11.00 P. SEG. INTEGRA        20.76 COM.FLUJO INTEGRA      18.49 
   INGRESO BRUTO: S/.   1,193.00       DESCUENTOS: S/.      528.55          INGRESO NETO: S/.     664.45                                         



                                            ÄÄÄÄÄÄÄÄÄÄÄÄÄÄÄÄÄÄÄÄÄ               ÄÄÄÄÄÄÄÄÄÄÄÄÄÄÄÄÄÄÄÄÄ
                                             OFICINA DE PERSONAL                      TRABAJADOR
=================================================================================================================================================
SOCIEDAD DE BENEFICENCIA DE PIURA       
       BOLETA DE PAGO DE REMUNERACIONES     NOVIEMBRE DEL 2022 PERSONAL 728 - RECURSOS DIRECTAMENTE RECAUDADOS                            
24    MORALES CHAPILLIQUEN CARMEN R.                                                                   3A, 10M, 28D.      
      728                                                    728                                      AFP INTEGRA         
      DIRECTAMENTE RECAUDADOS                
INGRESOS: 
REMUNERACION        1,025.00                                                                                                                     
EGRESOS:  
FDO. PENS.            102.50 CUOTA SIND.728         10.00 P. SEG. INTEGRA        17.84 COM.FLUJO INTEGRA      15.89                              
   INGRESO BRUTO: S/.   1,025.00       DESCUENTOS: S/.      146.23          INGRESO NETO: S/.     878.77                                         



                                            ÄÄÄÄÄÄÄÄÄÄÄÄÄÄÄÄÄÄÄÄÄ               ÄÄÄÄÄÄÄÄÄÄÄÄÄÄÄÄÄÄÄÄÄ
                                             OFICINA DE PERSONAL                      TRABAJADOR
                                                                                                                                    9
 
=================================================================================================================================================
SOCIEDAD DE BENEFICENCIA DE PIURA       
       BOLETA DE PAGO DE REMUNERACIONES     NOVIEMBRE DEL 2022 PERSONAL 728 - RECURSOS DIRECTAMENTE RECAUDADOS                            
25    PEDRERA CAMACHO MISAEL                                                                           3A, 10M, 28D.      
      728                                                    728                                      AFP INTEGRA         
      DIRECTAMENTE RECAUDADOS                
INGRESOS: 
REMUNERACION        1,025.00 LEY 25129              93.00                                                                                        
EGRESOS:  
FDO. PENS.            111.80 CUOTA SIND.728         10.00 P. SEG. INTEGRA        19.45 COM.FLUJO INTEGRA      17.33 BANCO DE COMERCIO     428.43 
   INGRESO BRUTO: S/.   1,118.00       DESCUENTOS: S/.      587.01          INGRESO NETO: S/.     530.99                                         



                                            ÄÄÄÄÄÄÄÄÄÄÄÄÄÄÄÄÄÄÄÄÄ               ÄÄÄÄÄÄÄÄÄÄÄÄÄÄÄÄÄÄÄÄÄ
                                             OFICINA DE PERSONAL                      TRABAJADOR
=================================================================================================================================================
SOCIEDAD DE BENEFICENCIA DE PIURA       
       BOLETA DE PAGO DE REMUNERACIONES     NOVIEMBRE DEL 2022 PERSONAL 728 - RECURSOS DIRECTAMENTE RECAUDADOS                            
26    RUIZ JUAREZ JORGE SILVANO                                                                        3A, 10M, 28D.      
      728                                                    728                                      AFP INTEGRA         
      DIRECTAMENTE RECAUDADOS                
INGRESOS: 
REMUNERACION        1,025.00 LEY 25129              93.00                                                                                        
EGRESOS:  
FDO. PENS.            111.80 CUOTA SIND.728         10.00 P. SEG. INTEGRA        19.45 COM.FLUJO INTEGRA      17.33                              
   INGRESO BRUTO: S/.   1,118.00       DESCUENTOS: S/.      158.58          INGRESO NETO: S/.     959.42                                         



                                            ÄÄÄÄÄÄÄÄÄÄÄÄÄÄÄÄÄÄÄÄÄ               ÄÄÄÄÄÄÄÄÄÄÄÄÄÄÄÄÄÄÄÄÄ
                                             OFICINA DE PERSONAL                      TRABAJADOR
=================================================================================================================================================
SOCIEDAD DE BENEFICENCIA DE PIURA       
       BOLETA DE PAGO DE REMUNERACIONES     NOVIEMBRE DEL 2022 PERSONAL 728 - RECURSOS DIRECTAMENTE RECAUDADOS                            
27    CASTILLO MENDOZA DAVID                                 ACTIVO - OCUPADA                          3A,  1M, 28D.      
      728                                                    728                                      ONP (SNP)           
      DIRECTAMENTE RECAUDADOS                
INGRESOS: 
REMUNERACION        1,025.00 LEY 25129              93.00                                                                                        
EGRESOS:  
S.N.P.                145.34 CONS. MED.             30.00 CUOTA SIND.728         10.00                                                           
   INGRESO BRUTO: S/.   1,118.00       DESCUENTOS: S/.      185.34          INGRESO NETO: S/.     932.66                                         



                                            ÄÄÄÄÄÄÄÄÄÄÄÄÄÄÄÄÄÄÄÄÄ               ÄÄÄÄÄÄÄÄÄÄÄÄÄÄÄÄÄÄÄÄÄ
                                             OFICINA DE PERSONAL                      TRABAJADOR
                                                                                                                                   10
 
=================================================================================================================================================
SOCIEDAD DE BENEFICENCIA DE PIURA       
       BOLETA DE PAGO DE REMUNERACIONES     NOVIEMBRE DEL 2022 PERSONAL 728 - RECURSOS DIRECTAMENTE RECAUDADOS                            
28    SEMINARIO CIENFUEGOS SELENA                                                                      3A, 10M, 28D.      
      728                                                    728                                      AFP INTEGRA         
      DIRECTAMENTE RECAUDADOS                
INGRESOS: 
REMUNERACION        1,025.00                                                                                                                     
EGRESOS:  
FDO. PENS.            102.50 CUOTA SIND.728         10.00 P. SEG. INTEGRA        17.84 COM.FLUJO INTEGRA      15.89                              
   INGRESO BRUTO: S/.   1,025.00       DESCUENTOS: S/.      146.23          INGRESO NETO: S/.     878.77                                         



                                            ÄÄÄÄÄÄÄÄÄÄÄÄÄÄÄÄÄÄÄÄÄ               ÄÄÄÄÄÄÄÄÄÄÄÄÄÄÄÄÄÄÄÄÄ
                                             OFICINA DE PERSONAL                      TRABAJADOR
=================================================================================================================================================
SOCIEDAD DE BENEFICENCIA DE PIURA       
       BOLETA DE PAGO DE REMUNERACIONES     NOVIEMBRE DEL 2022 PERSONAL 728 - RECURSOS DIRECTAMENTE RECAUDADOS                            
29    SILUPU YARLEQUE ALEJANDRO                                                                        3A, 10M, 28D.      
      728                                                    728                                      AFP PRIMA           
      DIRECTAMENTE RECAUDADOS                
INGRESOS: 
REMUNERACION        1,025.00 LEY 25129              93.00                                                                                        
EGRESOS:  
FDO. PENS.            111.80 PRESTAMO CMAC         419.70 CUOTA SIND.728         10.00 TARDANZAS, HORAS        2.13 COM.FLUJO PRIMA        17.89 
P/SEG PRIMA            19.45                                                                                                                     
   INGRESO BRUTO: S/.   1,118.00       DESCUENTOS: S/.      580.97          INGRESO NETO: S/.     537.03                                         



                                            ÄÄÄÄÄÄÄÄÄÄÄÄÄÄÄÄÄÄÄÄÄ               ÄÄÄÄÄÄÄÄÄÄÄÄÄÄÄÄÄÄÄÄÄ
                                             OFICINA DE PERSONAL                      TRABAJADOR
=================================================================================================================================================
SOCIEDAD DE BENEFICENCIA DE PIURA       
       BOLETA DE PAGO DE REMUNERACIONES     NOVIEMBRE DEL 2022 PERSONAL 728 - RECURSOS DIRECTAMENTE RECAUDADOS                            
30    SUAREZ MAZA MANFREDO                                                                             3A, 10M, 28D.      
      728                                                    728                                      AFP PRIMA           
      DIRECTAMENTE RECAUDADOS                
INGRESOS: 
REMUNERACION        1,025.00                                                                                                                     
EGRESOS:  
CUOTA SIND.728         10.00                                                                                                                     
   INGRESO BRUTO: S/.   1,025.00       DESCUENTOS: S/.       10.00          INGRESO NETO: S/.   1,015.00                                         



                                            ÄÄÄÄÄÄÄÄÄÄÄÄÄÄÄÄÄÄÄÄÄ               ÄÄÄÄÄÄÄÄÄÄÄÄÄÄÄÄÄÄÄÄÄ
                                             OFICINA DE PERSONAL                      TRABAJADOR
                                                                                                                                   11
 
=================================================================================================================================================
SOCIEDAD DE BENEFICENCIA DE PIURA       
       BOLETA DE PAGO DE REMUNERACIONES     NOVIEMBRE DEL 2022 PERSONAL 728 - RECURSOS DIRECTAMENTE RECAUDADOS                            
31    VERA CHINCHAY JUAN LUIS                                                                          3A, 10M, 28D.      
      728                                                    728                                      AFP PROF.           
      DIRECTAMENTE RECAUDADOS                
INGRESOS: 
REMUNERACION        1,995.00 LEY 25129              93.00                                                                                        
EGRESOS:  
FDO. PENS.            208.80 COM. FLUJO             35.29 P.SEG. PROF.           36.33 PRESTAMO CMAC         374.70                              
   INGRESO BRUTO: S/.   2,088.00       DESCUENTOS: S/.      655.12          INGRESO NETO: S/.   1,432.88                                         



                                            ÄÄÄÄÄÄÄÄÄÄÄÄÄÄÄÄÄÄÄÄÄ               ÄÄÄÄÄÄÄÄÄÄÄÄÄÄÄÄÄÄÄÄÄ
                                             OFICINA DE PERSONAL                      TRABAJADOR
=================================================================================================================================================
SOCIEDAD DE BENEFICENCIA DE PIURA       
       BOLETA DE PAGO DE REMUNERACIONES     NOVIEMBRE DEL 2022 PERSONAL 728 - RECURSOS DIRECTAMENTE RECAUDADOS                            
32    YAMUNAQUE ZAPATA RAUL                                                                            3A, 10M, 28D.      
      728                                                    728                                      AFP PROF.           
      DIRECTAMENTE RECAUDADOS                
INGRESOS: 
REMUNERACION        1,025.00 LEY 25129              93.00                                                                                        
EGRESOS:  
FDO. PENS.            111.80 COM. FLUJO             18.89 P.SEG. PROF.           19.45 PRESTAMO CMAC         311.50 CUOTA SIND.728         10.00 
RIMAC SEGUROS          37.89                                                                                                                     
   INGRESO BRUTO: S/.   1,118.00       DESCUENTOS: S/.      509.53          INGRESO NETO: S/.     608.47                                         



                                            ÄÄÄÄÄÄÄÄÄÄÄÄÄÄÄÄÄÄÄÄÄ               ÄÄÄÄÄÄÄÄÄÄÄÄÄÄÄÄÄÄÄÄÄ
                                             OFICINA DE PERSONAL                      TRABAJADOR
=================================================================================================================================================
SOCIEDAD DE BENEFICENCIA DE PIURA       
       BOLETA DE PAGO DE REMUNERACIONES     NOVIEMBRE DEL 2022 PERSONAL 728 - RECURSOS DIRECTAMENTE RECAUDADOS                            
33    ZAPATA SILVA MARIA AMPARO                                                                        3A, 10M, 28D.      
      728                                                    728                                      AFP PROF.           
      DIRECTAMENTE RECAUDADOS                
INGRESOS: 
REMUNERACION        1,025.00 LEY 25129              93.00                                                                                        
EGRESOS:  
FDO. PENS.            111.80 COM. FLUJO             18.89 P.SEG. PROF.           19.45 CONS. MED.             76.00 PRESTAMO CMAC         437.80 
TARDANZAS, HORAS        7.89                                                                                                                     
   INGRESO BRUTO: S/.   1,118.00       DESCUENTOS: S/.      671.83          INGRESO NETO: S/.     446.17                                         



                                            ÄÄÄÄÄÄÄÄÄÄÄÄÄÄÄÄÄÄÄÄÄ               ÄÄÄÄÄÄÄÄÄÄÄÄÄÄÄÄÄÄÄÄÄ
                                             OFICINA DE PERSONAL                      TRABAJADOR
                                                                                                                                   12
 
=================================================================================================================================================
SOCIEDAD DE BENEFICENCIA DE PIURA       
       BOLETA DE PAGO DE REMUNERACIONES     NOVIEMBRE DEL 2022 PERSONAL 728 - RECURSOS DIRECTAMENTE RECAUDADOS                            
34    ZAPATA ROJAS JOSE VITALIANO                                                                     **A,  0M, 29D.      
      728                                                    728                                      AFP PRIMA           
      DIRECTAMENTE RECAUDADOS                
INGRESOS: 
REMUNERACION        1,025.00                                                                                                                     
EGRESOS:  
FDO. PENS.            102.50 SERVISEPF              35.00 CUOTA SIND.728         10.00 COM.FLUJO PRIMA        16.40 P/SEG PRIMA            17.84 
   INGRESO BRUTO: S/.   1,025.00       DESCUENTOS: S/.      181.74          INGRESO NETO: S/.     843.26                                         



                                            ÄÄÄÄÄÄÄÄÄÄÄÄÄÄÄÄÄÄÄÄÄ               ÄÄÄÄÄÄÄÄÄÄÄÄÄÄÄÄÄÄÄÄÄ
                                             OFICINA DE PERSONAL                      TRABAJADOR
=================================================================================================================================================
SOCIEDAD DE BENEFICENCIA DE PIURA       
       BOLETA DE PAGO DE REMUNERACIONES     NOVIEMBRE DEL 2022 PERSONAL 728 - RECURSOS DIRECTAMENTE RECAUDADOS                            
35    PEREZ MATOS GLADYS GIANINA                                                                       3A, 10M, 28D.      
      728                                                    728                                      AFP INTEGRA         
      DIRECTAMENTE RECAUDADOS                
INGRESOS: 
REMUNERACION        1,025.00                                                                                                                     
EGRESOS:  
FDO. PENS.            102.50 CONS. MED.             30.00 PRESTAMO CMAC         308.90 CUOTA SIND.728         10.00 P. SEG. INTEGRA        17.84 
COM.FLUJO INTEGRA      15.89 TARDANZAS, HORAS        2.38                                                                                        
   INGRESO BRUTO: S/.   1,025.00       DESCUENTOS: S/.      487.51          INGRESO NETO: S/.     537.49                                         



                                            ÄÄÄÄÄÄÄÄÄÄÄÄÄÄÄÄÄÄÄÄÄ               ÄÄÄÄÄÄÄÄÄÄÄÄÄÄÄÄÄÄÄÄÄ
                                             OFICINA DE PERSONAL                      TRABAJADOR
=================================================================================================================================================
SOCIEDAD DE BENEFICENCIA DE PIURA       
       BOLETA DE PAGO DE REMUNERACIONES     NOVIEMBRE DEL 2022 PERSONAL 728 - RECURSOS DIRECTAMENTE RECAUDADOS                            
36    RODRIGUEZ ABAD MARCO ELEAZAR                                                                     3A, 10M, 28D.      
      728                                                    728                                      AFP PROF.           
      DIRECTAMENTE RECAUDADOS                
INGRESOS: 
REMUNERACION        2,500.00 LEY 25129              93.00                                                                                        
EGRESOS:  
FDO. PENS.            259.30 COM. FLUJO             43.82 P.SEG. PROF.           45.12 CONS. MED.             75.50 CUOTA SIND.728         25.00 
COOP.LA REHABIL.      212.36 TARDANZAS, HORAS        7.20 RENTA 5TA.             30.00                                                           
   INGRESO BRUTO: S/.   2,593.00       DESCUENTOS: S/.      698.30          INGRESO NETO: S/.   1,894.70                                         



                                            ÄÄÄÄÄÄÄÄÄÄÄÄÄÄÄÄÄÄÄÄÄ               ÄÄÄÄÄÄÄÄÄÄÄÄÄÄÄÄÄÄÄÄÄ
                                             OFICINA DE PERSONAL                      TRABAJADOR
                                                                                                                                   13
 
=================================================================================================================================================
SOCIEDAD DE BENEFICENCIA DE PIURA       
       BOLETA DE PAGO DE REMUNERACIONES     NOVIEMBRE DEL 2022 PERSONAL 728 - RECURSOS DIRECTAMENTE RECAUDADOS                            
37    REQUENA MORE FANNY PATRICIA                                                                      3A, 10M, 28D.      
      728                                                    OFICINA DE                               CNP LEY 19990       
      DIRECTAMENTE RECAUDADOS                
INGRESOS: 
REMUNERACION        2,200.00 LEY 25129              93.00                                                                                        
EGRESOS:  
S.N.P.                298.09 COOP.LA REHABIL.      264.98 RENTA 5TA.              2.00 BANCO DE COMERCIO   1,013.59                              
   INGRESO BRUTO: S/.   2,293.00       DESCUENTOS: S/.    1,578.66          INGRESO NETO: S/.     714.34                                         



                                            ÄÄÄÄÄÄÄÄÄÄÄÄÄÄÄÄÄÄÄÄÄ               ÄÄÄÄÄÄÄÄÄÄÄÄÄÄÄÄÄÄÄÄÄ
                                             OFICINA DE PERSONAL                      TRABAJADOR
=================================================================================================================================================
SOCIEDAD DE BENEFICENCIA DE PIURA       
       BOLETA DE PAGO DE REMUNERACIONES     NOVIEMBRE DEL 2022 PERSONAL 728 - RECURSOS DIRECTAMENTE RECAUDADOS                            
38    ABAD CASTILLO DAROA BROOKE                                                                       3A, 10M, 28D.      
      728                                                    728                                      AFP INTEGRA         
      DIRECTAMENTE RECAUDADOS                
INGRESOS: 
REMUNERACION        2,000.00 LEY 25129              93.00                                                                                        
EGRESOS:  
FDO. PENS.            209.30 P. SEG. INTEGRA        36.42 COM.FLUJO INTEGRA      32.44 TARDANZAS, HORAS        7.27 BANBIF                788.31 
   INGRESO BRUTO: S/.   2,093.00       DESCUENTOS: S/.    1,073.74          INGRESO NETO: S/.   1,019.26                                         



                                            ÄÄÄÄÄÄÄÄÄÄÄÄÄÄÄÄÄÄÄÄÄ               ÄÄÄÄÄÄÄÄÄÄÄÄÄÄÄÄÄÄÄÄÄ
                                             OFICINA DE PERSONAL                      TRABAJADOR
=================================================================================================================================================
SOCIEDAD DE BENEFICENCIA DE PIURA       
       BOLETA DE PAGO DE REMUNERACIONES     NOVIEMBRE DEL 2022 PERSONAL 728 - RECURSOS DIRECTAMENTE RECAUDADOS                            
40    HUERTAS COBE¤AS MERCEDES MARTIN                        ACTIVO - OCUPADA                          3A,  1M, 28D.      
      728                                                    SERVICIO DE                              ONP (SNP)           
      DIRECTAMENTE RECAUDADOS                
INGRESOS: 
REMUNERACION        1,025.00                                                                                                                     
EGRESOS:  
S.N.P.                133.25 CUOTA SIND.728         10.00                                                                                        
   INGRESO BRUTO: S/.   1,025.00       DESCUENTOS: S/.      143.25          INGRESO NETO: S/.     881.75                                         



                                            ÄÄÄÄÄÄÄÄÄÄÄÄÄÄÄÄÄÄÄÄÄ               ÄÄÄÄÄÄÄÄÄÄÄÄÄÄÄÄÄÄÄÄÄ
                                             OFICINA DE PERSONAL                      TRABAJADOR
                                                                                                                                   14
 
=================================================================================================================================================
SOCIEDAD DE BENEFICENCIA DE PIURA       
       BOLETA DE PAGO DE REMUNERACIONES     NOVIEMBRE DEL 2022 PERSONAL 728 - RECURSOS DIRECTAMENTE RECAUDADOS                            
41    PASTOR VALERA SAMUEL HERNAN                            ACTIVO - OCUPADA                          3A,  1M, 28D.      
      728                                                    728                                      ONP (SNP)           
      DIRECTAMENTE RECAUDADOS                
INGRESOS: 
REMUNERACION        1,025.00 LEY 25129              93.00                                                                                        
EGRESOS:  
S.N.P.                145.34 CUOTA SIND.728         10.00 BANCO DE COMERCIO     423.73                                                           
   INGRESO BRUTO: S/.   1,118.00       DESCUENTOS: S/.      579.07          INGRESO NETO: S/.     538.93                                         



                                            ÄÄÄÄÄÄÄÄÄÄÄÄÄÄÄÄÄÄÄÄÄ               ÄÄÄÄÄÄÄÄÄÄÄÄÄÄÄÄÄÄÄÄÄ
                                             OFICINA DE PERSONAL                      TRABAJADOR
=================================================================================================================================================
SOCIEDAD DE BENEFICENCIA DE PIURA       
       BOLETA DE PAGO DE REMUNERACIONES     NOVIEMBRE DEL 2022 PERSONAL 728 - RECURSOS DIRECTAMENTE RECAUDADOS                            
42    GRANDA NAVARRO JOHN DERLY                                                                        3A,  0M, 10D.      
      728                                                    728                                      ONP (SNP)           
      DIRECTAMENTE RECAUDADOS                
INGRESOS: 
REMUNERACION        1,025.00 LEY 25129              93.00 BONIF.ENCARGATURA     100.00                                                           
EGRESOS:  
S.N.P.                145.34 CUOTA SIND.728         10.00 RIMAC SEGUROS          37.89 BANCO DE COMERCIO     388.55                              
   INGRESO BRUTO: S/.   1,218.00       DESCUENTOS: S/.      581.78          INGRESO NETO: S/.     636.22                                         



                                            ÄÄÄÄÄÄÄÄÄÄÄÄÄÄÄÄÄÄÄÄÄ               ÄÄÄÄÄÄÄÄÄÄÄÄÄÄÄÄÄÄÄÄÄ
                                             OFICINA DE PERSONAL                      TRABAJADOR
=================================================================================================================================================
SOCIEDAD DE BENEFICENCIA DE PIURA       
       BOLETA DE PAGO DE REMUNERACIONES     NOVIEMBRE DEL 2022 PERSONAL 728 - RECURSOS DIRECTAMENTE RECAUDADOS                            
43    SANDOVAL MALDONADO LAURA CONSUELO                                                                2A, 11M, 27D.      
      728                                                    728                                      AFP INTEGRA         
      DIRECTAMENTE RECAUDADOS                
INGRESOS: 
REMUNERACION        1,025.00 LEY 25129              93.00                                                                                        
EGRESOS:  
FDO. PENS.            111.80 CUOTA SIND.728         10.00 P. SEG. INTEGRA        19.45                                                           
   INGRESO BRUTO: S/.   1,118.00       DESCUENTOS: S/.      141.25          INGRESO NETO: S/.     976.75                                         



                                            ÄÄÄÄÄÄÄÄÄÄÄÄÄÄÄÄÄÄÄÄÄ               ÄÄÄÄÄÄÄÄÄÄÄÄÄÄÄÄÄÄÄÄÄ
                                             OFICINA DE PERSONAL                      TRABAJADOR
                                                                                                                                   15
 
=================================================================================================================================================
SOCIEDAD DE BENEFICENCIA DE PIURA       
       BOLETA DE PAGO DE REMUNERACIONES     NOVIEMBRE DEL 2022 PERSONAL 728 - RECURSOS DIRECTAMENTE RECAUDADOS                            
44    NAVAL CUNYA DAVID STUARD                                                                         2A, 11M, 27D.      
      728                                                    728                                      AFP PRIMA           
      DIRECTAMENTE RECAUDADOS                
INGRESOS: 
REMUNERACION        1,500.00                                                                                                                     
EGRESOS:  
FDO. PENS.            150.00 CUOTA SIND.728         15.00 COM.MIXTA PRIMA         2.70 P/SEG PRIMA            26.10                              
   INGRESO BRUTO: S/.   1,500.00       DESCUENTOS: S/.      193.80          INGRESO NETO: S/.   1,306.20                                         



                                            ÄÄÄÄÄÄÄÄÄÄÄÄÄÄÄÄÄÄÄÄÄ               ÄÄÄÄÄÄÄÄÄÄÄÄÄÄÄÄÄÄÄÄÄ
                                             OFICINA DE PERSONAL                      TRABAJADOR
=================================================================================================================================================
SOCIEDAD DE BENEFICENCIA DE PIURA       
       BOLETA DE PAGO DE REMUNERACIONES     NOVIEMBRE DEL 2022 PERSONAL 728 - RECURSOS DIRECTAMENTE RECAUDADOS                            
45    MENDOZA CRUZ BETTY ELIZABETH                                                                     2A, 11M, 27D.      
      728                                                    728                                      AFP HABITAT         
      DIRECTAMENTE RECAUDADOS                
INGRESOS: 
REMUNERACION        1,200.00 BONIF.ENCARGATURA     400.00                                                                                        
EGRESOS:  
FDO. PENS.            120.00 COM. MIXTA HABITAT      2.76 CUOTA SIND.728         12.00 P.SEGUROS HABITAT      20.88 TARDANZAS, HORAS       11.67 
BANCO DE COMERCIO     445.01                                                                                                                     
   INGRESO BRUTO: S/.   1,600.00       DESCUENTOS: S/.      612.32          INGRESO NETO: S/.     987.68                                         



                                            ÄÄÄÄÄÄÄÄÄÄÄÄÄÄÄÄÄÄÄÄÄ               ÄÄÄÄÄÄÄÄÄÄÄÄÄÄÄÄÄÄÄÄÄ
                                             OFICINA DE PERSONAL                      TRABAJADOR
=================================================================================================================================================
SOCIEDAD DE BENEFICENCIA DE PIURA       
       BOLETA DE PAGO DE REMUNERACIONES     NOVIEMBRE DEL 2022 PERSONAL 728 - RECURSOS DIRECTAMENTE RECAUDADOS                            
46    APONTE DOMINGUEZ MERLY DE LOS MILAGROS                                                           2A, 11M, 27D.      
      728                                                    728                                      ONP (SNP)           
      DIRECTAMENTE RECAUDADOS                
INGRESOS: 
REMUNERACION        1,025.00 LEY 25129              93.00 BONIF.ENCARGATURA     600.00                                                           
EGRESOS:  
S.N.P.                145.34 TARDANZAS, HORAS        6.76                                                                                        
   INGRESO BRUTO: S/.   1,718.00       DESCUENTOS: S/.      152.10          INGRESO NETO: S/.   1,565.90                                         



                                            ÄÄÄÄÄÄÄÄÄÄÄÄÄÄÄÄÄÄÄÄÄ               ÄÄÄÄÄÄÄÄÄÄÄÄÄÄÄÄÄÄÄÄÄ
                                             OFICINA DE PERSONAL                      TRABAJADOR
                                                                                                                                   16
 
=================================================================================================================================================
SOCIEDAD DE BENEFICENCIA DE PIURA       
       BOLETA DE PAGO DE REMUNERACIONES     NOVIEMBRE DEL 2022 PERSONAL 728 - RECURSOS DIRECTAMENTE RECAUDADOS                            
47    CEVASCO GARCIA CARLO DI STHEFANNO                      ACTIVO - OCUPADA                          0A,  2M, 28D.      
      728                                                    728                                      AFP HABITAT         
      DIRECTAMENTE RECAUDADOS                
INGRESOS: 
REMUNERACION        4,013.00 REINT. S/AF.          204.72                                                                                        
EGRESOS:  
FDO. PENS.            401.30 COM. MIXTA HABITAT      9.23 P.SEGUROS HABITAT      69.83 MEMO                1,294.55                              
   INGRESO BRUTO: S/.   4,217.72       DESCUENTOS: S/.    1,774.91          INGRESO NETO: S/.   2,442.81                                         



                                            ÄÄÄÄÄÄÄÄÄÄÄÄÄÄÄÄÄÄÄÄÄ               ÄÄÄÄÄÄÄÄÄÄÄÄÄÄÄÄÄÄÄÄÄ
                                             OFICINA DE PERSONAL                      TRABAJADOR
