SOCIEDAD DE BENEFICENCIA DE PIURA  
                                                                                  05/12/2006 P g.    1
 AฅO : 2006
 Mes : 01
 Cadena : 0003   GESTION ADMINISTRATIVA                                      
 Partida: 531156 AGUA Y DESAGUE                
  H/C     Clase                         Detalle                                                                       Valor
อออออออออออออออออออออออออออออออออออออออออออออออออออออออออออออออออออออออออออออออออออออออออออออออออออออออออออออออออออออออออออออออออ
0048.01 0001    AGUA Y DESAGUE         AFECTACION PRESUPUESTAL POR CONCEPTO DE: CONSUMO DE AGUA DEL LOCAL                1,054.80
                                       INSTITUCIONAL, UBICADO EN CALLE LIMA Nง878 OFICINA CENTRAL, CORRESPONDIENTE
                                       AL MES DE ENERO/2006, SEGUN RECIBO Nง1-3143433-61, CODIGO Nง1-1-10-28-400-1
                                       Y MEMORANDO Nง076-06-SBP-TD.                                               
                                                                                      Total de Partida : =======>        1,054.80
                                                                                     Total de la Cadena: =======>        1,054.80
 Cadena : 0008   ALIMENTACION PARA GRUPO EN RIESGO                           
 Partida: 531156 AGUA Y DESAGUE                
  H/C     Clase                         Detalle                                                                       Valor
อออออออออออออออออออออออออออออออออออออออออออออออออออออออออออออออออออออออออออออออออออออออออออออออออออออออออออออออออออออออออออออออออ
0046.01 0001    AGUA Y DESAGUE         AFECTACION PRESUPUESTAL POR CONCEPTO DE: CONSUMO DE AGUA DEL LOCAL UBICADO          253.60
                                       EN AV. CAYETANO HERDEDIA N๘120 COMEDOR SOCIAL DE SBP, CORRESPONDIENTE AL   
                                       MES DE ENERO/2006, SEGUN RECIBO Nง1-3143442-18, CODIGO 1-4-3-4-1500-1 Y    
                                       MEMORANDO Nง073-05-SBP-TD.                                                 
                                                                                      Total de Partida : =======>          253.60
                                                                                     Total de la Cadena: =======>          253.60
 Cadena : 0011   VENTA DE NICHOS, MAUSOLEOS Y OTROS                          
 Partida: 531156 AGUA Y DESAGUE                
  H/C     Clase                         Detalle                                                                       Valor
อออออออออออออออออออออออออออออออออออออออออออออออออออออออออออออออออออออออออออออออออออออออออออออออออออออออออออออออออออออออออออออออออ
0050.01 0001    AGUA Y DESAGUE         AFECTACION PRESUPUESTAL POR CONCEPTO DE: CONSUMO DE AGUA DEL CEMENTERIO SAN         422.00
                                       TEODORO, CORRESPONDIENTE AL MES DE ENERO/2006, SEGUN RECIBO Nง1-3143429-43,
                                       CODIGO Nง1-1-9-90-50-1 Y MEMORANDO Nง081-06-SBP-TD.                        
0051.01 0001    AGUA Y DESAGUE         AFECTACION PRESUPUESTAL POR CONCEPTO DE: CONSUMO DE AGUA DEL CEMENTERIO SAN         185.80
                                       TEODORO, CORRESPONDIENTE AL MES DE ENERO/2006 SEGUN RECIBO Nง 1-3143429-43,
                                       CODIGO Nง1-1-9-90-50-1 Y MEMORANDO Nง081-06-SBP-TD.                        
0052.01 0001    AGUA Y DESAGUE         AFECTACION PRESUPUESTAL POR CONCEPTO DE: CONSUMO DE AGUA DEL CEMENTERIO SAN         590.90
                                       MIGUEL ARCANGEL, CORRESPONDIENTE AL MES DE ENERO/2006, SEGUN RECIBO        
                                       Nง1-3143425-6, CODIGO Nง1-1-7-384-50-1 Y MEMORANDO Nง079-06-SBP-TD.        
0053.01 0001    AGUA Y DESAGUE         AFECTACION PRESUPUESTAL POR CONCEPTO DE: CONSUMO DE AGUA DEL CEMENTERIO SAN         590.90
                                       MIGUEL ARCANGEL, CORRESPONDIENTE AL MES DE ENERO/2006 SEGUN RECIBO         
                                       Nง1-3143426-5, CODIGO Nง1-1-7-384-100-1 Y MEMORANDO Nง080-06-SBP-TD.       
                                                                                      Total de Partida : =======>        1,789.60
                                                                                     Total de la Cadena: =======>        1,789.60
 Cadena : 0013   ADMINISTRACION DE INMUEBLES                                 
 Partida: 531156 AGUA Y DESAGUE                
  H/C     Clase                         Detalle                                                                       Valor
อออออออออออออออออออออออออออออออออออออออออออออออออออออออออออออออออออออออออออออออออออออออออออออออออออออออออออออออออออออออออออออออออ
0044.01 0001    AGUA Y DESAGUE         AFECTACION PRESUPUESTAL POR CONCEPTO DE: CONSUMO DE AGUA DEL LOCAL UBICADO          155.90
                                       EN AV. LUIS MONTERO S/N PROPIEDAD DE SBP, CORRESPONDIENTE AL MES DE        
                                       ENERO/2006 SEGUN RECIBO Nง1-3143438-53, CODIGO Nง1-4-1-2-50-1 Y MEMORANDO  
                                       Nง071-05-SBP-TD.                                                           
                                                                                                                  
0045.01 0001    AGUA Y DESAGUE         AFECTACION PRESUPUESTAL POR CONCEPTO DE:CONSUMO DE ENERGIA ELECTRICA DEL             90.80
                                       LOCAL UBICADO EN CAYETANO HEREDIA Nง214 PROPIEDAD DE SBP, CORRESPONDIENTE  
                                       AL MES DE ENERO/2006 SEGUN RECIBO Nง1-3143443-93, CODIGO Nง1-4-3-4-1650-1 Y
                                       MEMORANDO Nง072-05-SBP-TD.                                                 
0047.01 0001    AGUA Y DESAGUE         AFECTACION PRESUPUESTAL POR CONCEPTO DE: CONSUMO DE AGUA DEL LOCAL UBICADO           75.90
                                       EN AV. RAMON CASTILLA Nง365, DE PROPIEDAD DE SBP, CORRESPONDIENTE AL MES DE
                                       ENERO/2006 SEGUN RECIBO Nง1-3143440-21, CODIGO Nง1-4-1-2-250-1, MEMORANDO  
                                       Nง075-06-SBP-TD.                                                           
                                                                                                                  SOCIEDAD DE BENEFICENCIA DE PIURA  
                                                                                  05/12/2006 P g.    2
0049.01 0001    AGUA Y DESAGUE         AFECTACION PRESUPUESTAL POR CONCEPTO DE: CONSUMO DE AGUA DEL LOCAL UBICADO           90.80
                                       EN JR.HUANCAVELICA Nง227,                                                  
                                       OFICINA DE ASESORIA LEGAL Y RECURSOS Y PATRIMONIO CORRESPONDIENTE AL MES DE
                                       ENERO/2006 SEGUN RECIBO Nง1-3143432-77, CODIGO Nง1-1-10-28-250-1 Y         
                                       MEMORANDO Nง077-06-SBP-TD.                                                 
                                                                                      Total de Partida : =======>          413.40
                                                                                     Total de la Cadena: =======>          413.40
                                                                                          Total del Mes: =======>        3,511.40
 AฅO : 2006
 Mes : 02
 Cadena : 0003   GESTION ADMINISTRATIVA                                      
 Partida: 531156 AGUA Y DESAGUE                
  H/C     Clase                         Detalle                                                                       Valor
อออออออออออออออออออออออออออออออออออออออออออออออออออออออออออออออออออออออออออออออออออออออออออออออออออออออออออออออออออออออออออออออออ
0074.02 0001    AGUA Y DESAGUE         AFECTACION PRESUPUESTAL POR CONCEPTO DE: CONSUMO DE AGUA DEL LOCAL UBICADO        1,057.80
                                       EN CALLE LIMA Nง878 DE OFICINA CENTRAL, CORRESPONDIENTE AL MES DE          
                                       FEBRERO/2006 SEGUN RECIBO Nง1-3200407-40, CODIGO Nง1-1-10-28-400-1 Y       
                                       MEMORANDO Nง315-06-SBP-TD                                                  
0077.02 0001    AGUA Y DESAGUE         AFECTACION PRESUPUESTAL POR CONCEPTO DE: CONSUMO DE AGUA DEL LOCAL UBICADO           76.10
                                       EN AV. RAMON CASTILLA Nง365 DE PROPIEDAD DE SBP, CORRESPONDIENTE AL MES DE 
                                       FEBRERO/2006 SEGUN RECIBO Nง1-3200414-84, CODIGO Nง1-4-1-2-250-1 Y         
                                       MEMORANDO Nง318-06-SBP-TD.                                                 
                                                                                                                  
                                                                                      Total de Partida : =======>        1,133.90
                                                                                     Total de la Cadena: =======>        1,133.90
 Cadena : 0008   ALIMENTACION PARA GRUPO EN RIESGO                           
 Partida: 531156 AGUA Y DESAGUE                
  H/C     Clase                         Detalle                                                                       Valor
อออออออออออออออออออออออออออออออออออออออออออออออออออออออออออออออออออออออออออออออออออออออออออออออออออออออออออออออออออออออออออออออออ
0075.02 0001    AGUA Y DESAGUE         AFECTACION PRESUPUESTAL POR CONCEPTO DE: CONSUMO DE AGUA DEL LOCAL UBICADO          254.30
                                       EN AV. CAYETANO HEREDIA Nง 120 DEL COMEDOR SOCIAL DE SBP. CORRESPONDIENTE  
                                       AL MES DE FEBRERO/2006 SEGUN RECIBO Nง 1-3200416-38, CODIGO                
                                       Nง1-4-3-4-1500-1 MEMORANDO Nง316-06-SBP-TD.                                
                                                                                      Total de Partida : =======>          254.30
                                                                                     Total de la Cadena: =======>          254.30
 Cadena : 0011   VENTA DE NICHOS, MAUSOLEOS Y OTROS                          
 Partida: 531156 AGUA Y DESAGUE                
  H/C     Clase                         Detalle                                                                       Valor
อออออออออออออออออออออออออออออออออออออออออออออออออออออออออออออออออออออออออออออออออออออออออออออออออออออออออออออออออออออออออออออออออ
0069.02 0001    AGUA Y DESAGUE         AFECTACION PRESUPUESTAL POR CONCEPTO DE: CONSUMO DE AGUA DEL CEMENTERIO SAN         592.50
                                       MIGUEL ARCANGEL, CORRESPONDIENTE AL MES DE FEBRERO/2006, CODIGO            
                                       Nง1-1-7-384-50-1, RECIBO Nง1-3200400-67 Y MEMORANDO Nง309-06-SBP-TD.       
0070.02 0001    AGUA Y DESAGUE         AFECTACION PRESUPUESTAL POR CONCEPTO DE: CONSUMO DE AGUA DEL CEMENTERIO SAN         592.50
                                       MIGUEL ARCANGEL, CORRESPONDIENTE AL MES DE FEBRERO/2006 SEGUN RECIBO       
                                       Nง1-3200401-66, CODIGO Nง1-1-7-384-100-1 Y MEMORANDO Nง310-06-SBP-TD.      
0071.02 0001    AGUA Y DESAGUE         AFECTACION PRESUPUESTAL POR CONCEPTO DE: COSNUMO DE AGUA DEL CEMENTERIO SAN         186.30
                                       TEODORO -  AV. LORETO Nง185, CORRESPONDIENTE AL MES DE FEBRERO/2006 SEGUN  
                                       RECIBO Nง1-3200403-79, CODIGO Nง1-1-9-90-50-1 Y MEMORANDO Nง311-06-SBP-TD. 
0072.02 0001    AGUA Y DESAGUE         AFECTACION PRESUPUESTAL POR CONCEPTO DE:  CONSUMO DE AGUA DEL CEMENTERIO            423.20
                                       SAN TEODORO- LORETO NORTE Nง153, CORRESPONDIENTE AL MES DE FEBRERO/2006    
                                       SEGUN RECIBO Nง1-3200404-64, CODIGO NNง1-1-9-90-100-1, MEMORANDO           
                                       Nง312-06-SBP-TD.                                                           
                                                                                      Total de Partida : =======>        1,794.50
                                                                                     Total de la Cadena: =======>        1,794.50
 Cadena : 0013   ADMINISTRACION DE INMUEBLES                                 
 Partida: 531156 AGUA Y DESAGUE                
  H/C     Clase                         Detalle                                                                       Valor
อออออออออออออออออออออออออออออออออออออออออออออออออออออออออออออออออออออออออออออออออออออออออออออออออออออออออออออออออออออออออออออออออSOCIEDAD DE BENEFICENCIA DE PIURA  
                                                                                  05/12/2006 P g.    3
0073.02 0001    AGUA Y DESAGUE         AFECTACION PRESUPUESTAL POR CONCEPTO DE: CONSUMO DE AGUA DEl INMUEBLE                91.10
                                       UBICADO EN AV.CAYETANO HEREDIA Nง214 PROPIEDAD DE SBP, CORRESPONDIENTE AL  
                                       MES DE FEBRERO/2006 SEGUN RECIBO Nง1-3200417-31, CODIGO Nง1-4-3-4-1650-1,  
                                       MEMORANDO Nง313-06-SBP-TD.                                                 
0076.02 0001    AGUA Y DESAGUE         AFECTACION PRESUPUESTAL POR CONCEPTO DE: COSNUMO DE AGUA DE LOCAL AV. LUIS          156.30
                                       MONTERO S/N  PPROPIEDAD DE                                                 
                                       SBP, CORRESPONDIENTE AL MES DE FEBRERO/2006  SEGUN RECIBO Nง1-3200412-20,  
                                       CODIGO Nง1-4-1-2-50-1 Y MEMORANDO Nง317-06-SBP-TD.                         
0078.02 0001    AGUA Y DESAGUE         AFECTACION PRESUPUESTAL POR CONCEPTO DE: CONSUMO DE AGUA DEL LOCAL UBICADO           91.10
                                       EN JR.HUANCAVELICA Nง227 PIURA - OFICINA DE RECURSOS Y PATRIMONIO Y        
                                       ASESORIA LEGAL DE SBP, CORRESPONDIENTE AL MES DE FEBRERO/2006              
                                       SEGUN RECIBO Nง1-32004065-15, CODIGO Nง1-1-10-28-250-1 Y MEMORANDO         
                                       Nง314-06-SBP-TD.                                                           
0138.02 0001    AGUA Y DESAGUE         AFECTACION PRESUPUESTAL POR CONCEPTO DE: CONSUMO DE AGUA DEL LOCAL UBICADO           54.90
                                       EN JR.HUANCAVELICA Nง245 2DO. PISO PIURA DE PROPIEDAD DE SBP,              
                                       CORRESPONDIENTE AL MES DE FEBRERO/2006 SEGUN RECIBO Nง1-3216923-90, INFORME
                                       Nง045-06-SBP-ORP, CODIGO Nง1-1-10-28-100-1 Y MEMORANDO Nง438-06-SBP-TD.    
                                                                                      Total de Partida : =======>          393.40
                                                                                     Total de la Cadena: =======>          393.40
                                                                                          Total del Mes: =======>        3,576.10
 AฅO : 2006
 Mes : 03
 Cadena : 0003   GESTION ADMINISTRATIVA                                      
 Partida: 531156 AGUA Y DESAGUE                
  H/C     Clase                         Detalle                                                                       Valor
อออออออออออออออออออออออออออออออออออออออออออออออออออออออออออออออออออออออออออออออออออออออออออออออออออออออออออออออออออออออออออออออออ
0053.03 0001    AGUA Y DESAGUE         AFECTACION PRESUPUESTAL POR CONCEPTO DE: CONSUMO DE AGUA DEL LOCAL UBICADO        1,054.10
                                       EN CALLE LIMA Nง878 - OFICINA CENTRAL, CORRESPONDIENTE AL MES DE MARZO/2006
                                       SEGUN RECIBO Nง1-3257891-50, CODIGO Nง1-1-10-28-400-1, MEMORANDO           
                                       Nง566-06-SBP-TD.                                                           
                                                                                      Total de Partida : =======>        1,054.10
                                                                                     Total de la Cadena: =======>        1,054.10
 Cadena : 0008   ALIMENTACION PARA GRUPO EN RIESGO                           
 Partida: 531156 AGUA Y DESAGUE                
  H/C     Clase                         Detalle                                                                       Valor
อออออออออออออออออออออออออออออออออออออออออออออออออออออออออออออออออออออออออออออออออออออออออออออออออออออออออออออออออออออออออออออออออ
0054.03 0001    AGUA Y DESAGUE         AFECTACION PRESUPUESTAL POR CONCEPTO DE: CONSUMO DE AGUA DEL LOCAL UBICADO          253.40
                                       EN AV.CAYETANO HEREDIA Nง120 CASTILLA - COMEDOR SOCIAL DE SBP,             
                                       CORRESPONDIENTE AL MES DE MARZO/2006 SEGUN RECIBO Nง1-3257900-12, CODIGO   
                                       Nง1-4-9-4-1500-1, MEMORANDO Nง567-06-SBP-TD.                               
                                                                                      Total de Partida : =======>          253.40
                                                                                     Total de la Cadena: =======>          253.40
 Cadena : 0011   VENTA DE NICHOS, MAUSOLEOS Y OTROS                          
 Partida: 531156 AGUA Y DESAGUE                
  H/C     Clase                         Detalle                                                                       Valor
อออออออออออออออออออออออออออออออออออออออออออออออออออออออออออออออออออออออออออออออออออออออออออออออออออออออออออออออออออออออออออออออออ
0048.03 0001    AGUA Y DESAGUE         AFECTACION PRESUPUESTAL POR CONCEPTO DE: CONSUMO DE AGUA DEL CEMENTERIO SAN         185.70
                                       TEODORO - AV. LORETO NORTE Nง185, CORRESPONDIENTE AL MES DE MARZO/2006,    
                                       SEGUN RECIBO Nง1-3257887-58 CODIGO Nง1-1-9-90-50-1, MEMORABDO              
                                       Nง572-06-SBP-TD.                                                           
0049.03 0001    AGUA Y DESAGUE         AFECTACION PRESUPUESTAL POR CONCEPTO DE: CONSUMO DE AGUA DEL CEMENTERIO SAN         421.70
                                       TEODORO - LORETO NORTE Nง153 CORRESPONDIENTE AL MES DE MARZO/2006 SEGUN    
                                       RECIBO Nง1-3257888-42, CODIGO Nง1-1-9-90-100-1, MEMORANDO Nง571-06-SBP-TD. 
0050.03 0001    AGUA Y DESAGUE         AFECTACION PRESUPUESTAL POR CONCEPTO DE: CONSUMO DE AGUA DEL CEMENTERIO SAN         590.40
                                       MIGUEL ARCANGEL CORRESPONDIENTE AL MES DE MARZO/2006 SEGUN RECIBO          
                                       Nง1-3257885-18, CODIGO Nง1-1-7-384-100-1, MEMORANDO Nง570-06-SBP-TD.       
0051.03 0001    AGUA Y DESAGUE         AFECTACION PRESUPUESTAL POR CONCEPTO DE: CONSUMO DE AGUA DEL CEMENTERIO SAN         590.40
                                       MIGUEL ARCANGEL, CORRESPONDIENTE AL MES DE MARZO/2006, SEGUN RECIBO        SOCIEDAD DE BENEFICENCIA DE PIURA  
                                                                                  05/12/2006 P g.    4
                                       Nง1-3257884-19, CODIGO Nง1-1-7-384-50-1 Y MEMORANDO Nง569-06-SBP-TD.       
                                                                                      Total de Partida : =======>        1,788.20
                                                                                     Total de la Cadena: =======>        1,788.20
 Cadena : 0013   ADMINISTRACION DE INMUEBLES                                 
 Partida: 531156 AGUA Y DESAGUE                
  H/C     Clase                         Detalle                                                                       Valor
อออออออออออออออออออออออออออออออออออออออออออออออออออออออออออออออออออออออออออออออออออออออออออออออออออออออออออออออออออออออออออออออออ
0046.03 0001    AGUA Y DESAGUE         AFECTACION PRESUPUESTAL POR CONCEPTO DE: CONSUMO DE AGUA DEL LOCAL UBICADO           90.80
                                       EN AV.HUANCAVELICA Nง227 2DO. PISO -  OFICINA DE RECURSOS Y PATRIMONIO Y   
                                       ASESORIA LEGAL DE SBP. CORRESPONDIENTE AL MES DE MARZO/2006                
                                       SEGUN RECIBO Nง1-3257890-64, MEMORANDO Nง574-2006-SBP-TD                   
0047.03 0001    AGUA Y DESAGUE         AFECTACION PRESUPUESTAL POR CONCEPTO DE: CONSUMO DE AGUA DEL LOCAL UBICADO          155.80
                                       EN AV. LUIS MONTERO S/N PROPIEDAD DE SBP, CORRESPONDIENTE AL MES DE        
                                       MARZO/2006, SEGUN RECIBO Nง1-3257896-68, CODIGO Nง1-4-1-2-50-1, MEMORANDO  
                                       Nง573-06-SBP-TD.                                                           
                                                                                                                  
0052.03 0001    AGUA Y DESAGUE         AFECTACION PRESUPUESTAL POR CONCEPTO DE: CONSUMO DE AGUA DEL LOCAL UBICADO           90.80
                                       EN AV.CAYETANO HEREDIA Nง214 CASTILLA, PROPIEDAD DE LA BENEFICENCIA,       
                                       CORRESPONDIENTE AL MES DE MARZO/2006 SEGUN RECIBO Nง1-3257901-31, CODIGO   
                                       Nง1-4-3-4-1650-1, MEMORANDO Nง568-06-SBP-TD.                               
                                                                                      Total de Partida : =======>          337.40
                                                                                     Total de la Cadena: =======>          337.40
                                                                                          Total del Mes: =======>        3,433.10
 AฅO : 2006
 Mes : 04
 Cadena : 0003   GESTION ADMINISTRATIVA                                      
 Partida: 531156 AGUA Y DESAGUE                
  H/C     Clase                         Detalle                                                                       Valor
อออออออออออออออออออออออออออออออออออออออออออออออออออออออออออออออออออออออออออออออออออออออออออออออออออออออออออออออออออออออออออออออออ
0069.04 0001    AGUA Y DESAGUE         AFECTACION PRESUPUESTAL POR CONCEPTO DE: cONSUMO DE AGUA DEL LOCAL UBICADO        1,053.30
                                       UBICADO EN CALLE LIMA Nง878                                                
                                       CORRESPONDIENTE AL MES DE ABRIL/2006 SEGUN RECIBO Nง1-3309345-34, CODIGO   
                                       Nง1-1-10-28-400-1 Y MEMORANDO Nง810-06-SBP-TD.                             
0070.04 0001    AGUA Y DESAGUE         AFECTACION PRESUPUESTAL POR CONCEPTO DE: CONSUMO DE AGUA DEL LOCAL UBICADO           90.70
                                       EN JR. HUANCAVELICA Nง227 2DO.PISO PIURA, OFICINA DE RECURSOS Y PATRIMONIO,
                                       CORRESPONDIENTE AL MES DE ABRIL/2006 SEGUN RECIBO Nง1-3309344-8, CODIGO    
                                       Nง1-1-10-28-250-1, MEMORANDO Nง811-06-SBP-TD.                              
                                                                                      Total de Partida : =======>        1,144.00
                                                                                     Total de la Cadena: =======>        1,144.00
 Cadena : 0008   ALIMENTACION PARA GRUPO EN RIESGO                           
 Partida: 531156 AGUA Y DESAGUE                
  H/C     Clase                         Detalle                                                                       Valor
อออออออออออออออออออออออออออออออออออออออออออออออออออออออออออออออออออออออออออออออออออออออออออออออออออออออออออออออออออออออออออออออออ
0068.04 0001    AGUA Y DESAGUE         AFECTACION PRESUPUESTAL POR CONCEPTO DE: CONSUMO DE AGUA DEL LOCAL UBICADO          253.20
                                       EN AV. CAYETANO HEREDIA Nง120 COMEDOR SOCIAL, CORRESPONDIENTE AL MES DE    
                                       ABRIL/2006                                                                 
                                       SEGUN RECIBO Nง1-3309354-33, CODIGO Nง1-4-3-4-1500-1 Y MEMORANDO           
                                       Nง809-05-SBP-TD.                                                           
                                                                                                                  
                                                                                      Total de Partida : =======>          253.20
                                                                                     Total de la Cadena: =======>          253.20
 Cadena : 0011   VENTA DE NICHOS, MAUSOLEOS Y OTROS                          
 Partida: 531156 AGUA Y DESAGUE                
  H/C     Clase                         Detalle                                                                       Valor
อออออออออออออออออออออออออออออออออออออออออออออออออออออออออออออออออออออออออออออออออออออออออออออออออออออออออออออออออออออออออออออออออ
0065.04 0001    AGUA Y DESAGUE         AFECTACION PRESUPUESTAL POR CONCEPTO DE: CONSUMO DE AGUA DEL CEMENTERIO SAN         590.00
                                       MIGUEL ARCANGEL, CORRESPONDIENTE AL MES DE ABRIL/2006. SEGUN RECIBO        
                                       Nง1-3309339-46, CODIGO Nง1-1-7-384-100-1, MEMORANDO Nง807-06-SBP-TD.       SOCIEDAD DE BENEFICENCIA DE PIURA  
                                                                                  05/12/2006 P g.    5
0066.04 0001    AGUA Y DESAGUE         AFECTACION PRESUPUESTAL POR CONCEPTO DE: CONSUMO DE AGUA DEL CEMENTERIO SAN         590.00
                                       MIGUEL ARCANGEL, CORRESPONDIENTE AL MES DE ABRIL/2006,  SEGUN RECIBO       
                                       Nง1-3309338-47, CODIGO Nง1-1-7-384-50-1, MEMORANDO Nง805-06-SBP-TD.        
0071.04 0001    AGUA Y DESAGUE         AFECTACION PRESUPUESTAL POR CONCEPTO DE: CONSUMO DE AGUA DEL CEMENTERIO SAN         421.40
                                       TEODORO - LORETO NORTE Nง153 CORRESPONDIENTE AL MES DE ABRIL/2006 SEGUN    
                                       RECIBO Nง1-3309342-2, CODIGO Nง1-1-9-90-100-1 Y MEMORANDO Nง812-06-SBP-TD. 
0072.04 0001    AGUA Y DESAGUE         AFECTACION PRESUPUESTAL POR CONCEPTO DE: CONSUMO DE AGUA DEL CEMENTERIO SAN         185.50
                                       TEODORO - LORETO NORTE Nง185 CORRESPONDIENTE AL MES DE ABRIL/2006 SEGUN    
                                       RECIBO Nง1-3309341-87, CODIGO Nง1-1-9-90-50-1 Y MEMORANDO Nง813-06-SBP-TD. 
                                                                                      Total de Partida : =======>        1,786.90
                                                                                     Total de la Cadena: =======>        1,786.90
 Cadena : 0013   ADMINISTRACION DE INMUEBLES                                 
 Partida: 531156 AGUA Y DESAGUE                
  H/C     Clase                         Detalle                                                                       Valor
อออออออออออออออออออออออออออออออออออออออออออออออออออออออออออออออออออออออออออออออออออออออออออออออออออออออออออออออออออออออออออออออออ
0067.04 0001    AGUA Y DESAGUE         AFECTACION PRESUPUESTAL POR CONCEPTO DE: CONSUMO DE AGUA DEL LOCAL UBICADO           90.70
                                       EN AV. CAYETANO HEREDIA Nง214 CASTILLA PROPIEDAD DE SBP, CORRESPONDIENTE AL
                                       MES DE ABRIL/2006 SEGUN RECIBO Nง1-3309355-24. MEMORANDO Nง808-036-SBP-TD. 
                                                                                                                  
0073.04 0001    AGUA Y DESAGUE         AFECTACION PRESUPUESTAL POR CONCEPTO DE: CONSUMO DE AGUA DEL LOCAL UBICADO          155.60
                                       EN AV. LUIS MONTERO S/N DE PROPIEDAD DE SBP, CORRESPONDIENTE AL MES DE     
                                       ABRIL/2006 SEGUN RECIBO Nง1-3309350-97, CODIGO Nง1-4-1-2-50-1 Y MEMORANDO  
                                       Nง814-06-SBP-TD.                                                           
0093.04 0001    AGUA Y DESAGUE         AFECTACION PRESUPUESTAL POR CONCEPTO DE: CONSUMO DE AGUA DEL LOCAL UBICADO          109.70
                                       EN JR.HUANCAVELICA Nง245 PIURA 2DO. PISO - PROPIEDAD DE SBP,               
                                       CORRESPONDIENTE A LOS MESES DE MARZO Y ABRIL/2006, SEGUN RECIBO            
                                       Nง1-3325989-97 Y MEMORANDO Nง884-06-SBP-TD.                                
0120.04 0001    AGUA Y DESAGUE         AFECTACION PRESUPUESTAL POR CONCEPTO DE: CONSUMO DE AGUA DEL LOCAL UBICADO          152.30
                                       EN AV.RAMON CASTILLA Nง365 PROPIEDAD DE SBP, CORRESPONDIENTE AL MES DE     
                                       MARZO Y ABRIL/2006 SEGUN RECIBO Nง1-3309352-6 MEMORANDO Nง924-06-SBP-TD.   
                                                                                      Total de Partida : =======>          508.30
                                                                                     Total de la Cadena: =======>          508.30
                                                                                          Total del Mes: =======>        3,692.40
 AฅO : 2006
 Mes : 05
 Cadena : 0003   GESTION ADMINISTRATIVA                                      
 Partida: 531156 AGUA Y DESAGUE                
  H/C     Clase                         Detalle                                                                       Valor
อออออออออออออออออออออออออออออออออออออออออออออออออออออออออออออออออออออออออออออออออออออออออออออออออออออออออออออออออออออออออออออออออ
0081.05 0001    AGUA Y DESAGUE         AFECTACION PRESUPUESTAL POR CONCEPTO DE: CONSUMO DE AGUA DEL LOCAL UBICADO        1,054.10
                                       EN CALLE LIMA Nง878 OFICINA DE CENTRAL DE SBP, CORRESPONDIENTE AL MES DE   
                                       MAYO/2006 SEGUN RECIBO Nง 1-3367463-95 Y CODIGO Nง 1-1-10-28-400-1,        
                                       MEMORANDO Nง 106-2006-SBP-TD                                               
                                                                                      Total de Partida : =======>        1,054.10
                                                                                     Total de la Cadena: =======>        1,054.10
 Cadena : 0008   ALIMENTACION PARA GRUPO EN RIESGO                           
 Partida: 531156 AGUA Y DESAGUE                
  H/C     Clase                         Detalle                                                                       Valor
อออออออออออออออออออออออออออออออออออออออออออออออออออออออออออออออออออออออออออออออออออออออออออออออออออออออออออออออออออออออออออออออออ
0084.05 0001    AGUA Y DESAGUE         AFECTACION PRESUPUESTAL POR CONCEPTO DE: CONSUMO DE AGUA DEL LOCAL UBICADO          253.40
                                       EN CAYETANO HEREDIA 120 - CASTILLA, COMEDOR SOCIAL DE SBP, CORRESPONDIENTE 
                                       AL MES DE MAYO/2006, SEGUN RECIBO Nง 1-3367471-26, CODIGO Nง 1-4-3-4-1500-1
                                       Y MEMORANDO Nง1072-2006-SBP-TD                                             
                                                                                      Total de Partida : =======>          253.40
                                                                                     Total de la Cadena: =======>          253.40
 Cadena : 0011   VENTA DE NICHOS, MAUSOLEOS Y OTROS                          
SOCIEDAD DE BENEFICENCIA DE PIURA  
                                                                                  05/12/2006 P g.    6
 Partida: 531156 AGUA Y DESAGUE                
  H/C     Clase                         Detalle                                                                       Valor
อออออออออออออออออออออออออออออออออออออออออออออออออออออออออออออออออออออออออออออออออออออออออออออออออออออออออออออออออออออออออออออออออ
0076.05 0001    AGUA Y DESAGUE         AFECTACION PRESUPUESTAL POR CONCEPTO DE: CONSUMO DE AGUA DEL CEMENTERIO SAN         590.40
                                       MIGUEL ARCANGEL, CORRESPONDIENTE AL MES DE MAYO/2006 SEGUN RECIBO          
                                       Nง1-3367456-64, CODIGO Nง1-1-7-384-50-1, MEMORANDO Nง1064-06-SBP-TD.       
0077.05 0001    AGUA Y DESAGUE         AFECTACION PRESUPUESTAL POR CONCEPTO DE: CONSUMO DE AGUA DEL CEMENTERIO SAN         590.40
                                       MIGUEL ARCANGEL  CORRESPONDIENTE AL MES DE MAYO/2006 SEGUN RECIBO          
                                       Nง1-3367457-63,CODIGO 1-1-7-384-100-1, MEMORANDO Nง1065-06-SBTP-TD.        
0078.05 0001    AGUA Y DESAGUE         AFECTACION PRESUPUESTAL POR CONCEPTO DE: CONSUMO DE AGUA DEL CEMENTERIO SAN         185.70
                                       TEODORO - AV. LORETO NORTE Nง185, CORRESPONDIENTE AL MES DE MAYO/2006 SEGUN
                                       RECIBO Nง 1-3367459-6, CODIGO 1-1-9-90-50-1, MEMORANDO Nง1066-2006-SBP-TD  
0079.05 0001    AGUA Y DESAGUE         AFECTACION PRESUPUESTAL POR CONCEPTO DE: CONSUMO DE AGUA DEL CEMENTERIO SAN         421.70
                                       TEODORO - AV. LORETO NORTE Nง153, CORRESPONDIENTE AL MES DE MAYO/2006,     
                                       SEGUN RECIBO Nง 1-3367460-47, CODIGO Nง 1-1-9-90-100-1, MEMORANDO Nง       
                                       1067-2006-SBP-TD                                                           
                                                                                      Total de Partida : =======>        1,788.20
                                                                                     Total de la Cadena: =======>        1,788.20
 Cadena : 0013   ADMINISTRACION DE INMUEBLES                                 
 Partida: 531156 AGUA Y DESAGUE                
  H/C     Clase                         Detalle                                                                       Valor
อออออออออออออออออออออออออออออออออออออออออออออออออออออออออออออออออออออออออออออออออออออออออออออออออออออออออออออออออออออออออออออออออ
0080.05 0001    AGUA Y DESAGUE         AFECTACION PRESUPUESTAL POR CONCEPTO DE: CONSUMO DE AGUA DEL INMUEBLE JR             90.80
                                       HUANCAVELICA 227 PIURA-OFICINA DE RECURSOS Y PATRIMONIO DE                 
                                       SBP,CORRESPONDIENTE AL MES DE MAYO/2006 SEGUN RECIBO Nง 1-3367462-12 Y     
                                       CODIGO Nง 1-1-10-28-250-1, MEMORANDO Nง1068-2006-SBP-TD                    
0082.05 0001    AGUA Y DESAGUE         AFECTACION PRESUPUESTAL POR CONCEPTO DE: CONSUMO DE AGUA DEL LOCAL UBICADO          155.80
                                       EN  AV. LUIS MONTERO  PROPIEDAD DE SBP, CORRESPONDIENTE AL MES DE          
                                       MAYO/2006, SEGUN RECIBO Nง 1-3367467-33 Y CODIGO Nง 1-4-1-2-50-1 Y         
                                       MEMORANDO Nง1070-2006-SBP-TD                                               
0083.05 0001    AGUA Y DESAGUE         AFECTACION PRESUPUESTAL POR CONCEPTO DE: CONSUMO DE AGUA DEL LOCAL SITIO             90.80
                                       AV. CAYETANO HEREDIA 214 - CASTILLA PROPIEDAD DE SBP, CORRESPONDIENTE AL   
                                       MES DE MAYO/2006, SEGUN RECIBO Nง 1-3367472-45, CODIO Nง 1-4-3-4-1650-1 Y  
                                       MEMORANDO Nง 1071-2006-SBP-TD                                              
0085.05 0001    AGUA Y DESAGUE         AFECTACION PRESUPUESTAL POR CONCEPTO DE:  CONSUMO DE AGUA DEL INMUEBLE               77.10
                                       UBICADO EN AV. RAMON CASTILLA Nง 365 - CASTILLA, PROPIEDAD DE SBP,         
                                       CORRESPONDIENTE AL MES DE MAYO/2006, SEGUN RECIBO Nง 1-3367469-86, CODIGO  
                                       Nง 1-4-1-2-250-1 Y MEMORANDO Nง1073-2006-SBP-TD                            
0086.05 0001    AGUA Y DESAGUE         AFECTACION PRESUPUESTAL POR CONCEPTO DE: CONSUMO DE AGUA  DEL LOCAL UBICADO         694.90
                                       EN AV.RAMON CASTILLA Nง373 PROPIEDAD DE SBP, CORRESPONDIENTE A LOS MESES DE
                                       ABRIL Y MAYO/2006 , SEGUN RECIBO Nง1-3367468-1, CODIGO Nง1-3367468-1 Y     
                                       MEMORANDO Nง1063-06-SBP-TD.                                                
0086.05 0001    AGUA Y DESAGUE         AFECTACION PRESUPUESTAL POR CONCEPTO DE: CONSUMO DE AGUA  DEL LOCAL UBICADO         269.80
                                       EN AV.RAMON CASTILLA Nง373 PROPIEDAD DE SBP, CORRESPONDIENTE A LOS MESES DE
                                       ABRIL Y MAYO/2006 , SEGUN RECIBO Nง1-3367468-1, CODIGO Nง1-3367468-1 Y     
                                       MEMORANDO Nง1063-06-SBP-TD.                                                
0143.05 0001    AGUA Y DESAGUE         AFECTACION PRESUPUESTAL POR CONCEPTO DE: CONSUMO DE AGUA DEL LOCAL UBICADO           55.40
                                       EN JR. HUANCAVELICA Nง245 2DO PISO, DE PROPIEDAD DE SBP, CORRESPONDIENTE AL
                                       MES DE MAYO/2006, SEGUN RECIBO Nง1-3384067-28/CODIGO                       
                                       Nง1-1-10-28-100-1/MEMORANDO Nง 1169-2006-SBP-TD                            
                                                                                      Total de Partida : =======>        1,434.60
                                                                                     Total de la Cadena: =======>        1,434.60
                                                                                          Total del Mes: =======>        4,530.30
 AฅO : 2006
 Mes : 06
 Cadena : 0003   GESTION ADMINISTRATIVA                                      
SOCIEDAD DE BENEFICENCIA DE PIURA  
                                                                                  05/12/2006 P g.    7
 Partida: 531156 AGUA Y DESAGUE                
  H/C     Clase                         Detalle                                                                       Valor
อออออออออออออออออออออออออออออออออออออออออออออออออออออออออออออออออออออออออออออออออออออออออออออออออออออออออออออออออออออออออออออออออ
0081.06 0001    AGUA Y DESAGUE         AFECTACION PRESUPUESTAL POR CONCEPTO DE: CONSUMO DE AGUA DEL LOCAL UBICADO        1,053.30
                                       EN CALLE LIMA Nง878 -OFICINA CENTRAL DE SBP, CORRESPONDIENTE AL MES DE     
                                       JUNIO 2006  SEGUN RECIBO Nง1-3425592-86, CODIGO Nง1-1-10-28-400-1,         
                                       MEMORANDO Nง1298-06-SBP-TD.                                                
                                                                                      Total de Partida : =======>        1,053.30
                                                                                     Total de la Cadena: =======>        1,053.30
 Cadena : 0008   ALIMENTACION PARA GRUPO EN RIESGO                           
 Partida: 531156 AGUA Y DESAGUE                
  H/C     Clase                         Detalle                                                                       Valor
อออออออออออออออออออออออออออออออออออออออออออออออออออออออออออออออออออออออออออออออออออออออออออออออออออออออออออออออออออออออออออออออออ
0078.06 0001    AGUA Y DESAGUE         AFECTACION PRESUPUESTAL POR CONCEPTO DE: CONSUMO DE AGUA DEL LOCAL UBICADO          253.20
                                       EN AV. CAYETANO HEREDIA Nง120 CASTILLA - C0MEDOR SOCIAL DE SBP,            
                                       CORRESPONDIENTE AL MES DE JUNIO 2006 SEGUN RECIBO Nง1-3425600-53, CODIGO   
                                       Nง1-4-3-4-1500-1, MEMORANDO Nง1295-06-SBP-TD.                              
                                                                                      Total de Partida : =======>          253.20
                                                                                     Total de la Cadena: =======>          253.20
 Cadena : 0011   VENTA DE NICHOS, MAUSOLEOS Y OTROS                          
 Partida: 531156 AGUA Y DESAGUE                
  H/C     Clase                         Detalle                                                                       Valor
อออออออออออออออออออออออออออออออออออออออออออออออออออออออออออออออออออออออออออออออออออออออออออออออออออออออออออออออออออออออออออออออออ
0076.06 0001    AGUA Y DESAGUE         AFECTACION PRESUPUESTAL POR CONCEPTO DE: CONSUMO DE AGUA DEL CEMENTERIO SAN         590.00
                                       MIGUEL ARCANGEL,  CORRESPONDIENTE AL MES DE JUNIO 2006, SEGUN RECIBO       
                                       Nง1-3425585-2, CODIGO Nง1-1-7-384-50-1 Y MEMORANDO Nง1293-06-SBP-TD.       
0077.06 0001    AGUA Y DESAGUE         AFECTACION PRESUPUESTAL POR CONCEPTO DE: CONSUMO DE AGUA DEL CEMENTERIO SAN         590.00
                                       MIGUEL ARCANGEL, CORRESPONDIENTE AL MES DE JUNIO 2006 SEGUN RECIBO         
                                       Nง3425586-1, CODIGO Nง1-1-7-384-100-1 Y MEMORANDO Nง1294-06-SBP-TD.        
0082.06 0001    AGUA Y DESAGUE         AFECTACION PRESUPUESTAL POR CONCEPTO DE: CONSUMO DE AGUA DEL CEMENTERIO SAN         185.50
                                       TEODORO - LORETO NORTE Nง185                                               
                                       CORRESPONDIENTE AL MES DE JUNIO 2006 SEGUN RECIBO Nง1-3425588-82, CODIGO   
                                       Nง1-1-9-90-50-1. MEMORANDO Nง1299-06-SBP-TD.                               
0083.06 0001    AGUA Y DESAGUE         AFECTACION PRESUPUESTAL POR CONCEPTO DE: CONSUMO DE AGUA DEL CEMENTERIO SAN         421.40
                                       TEODORO - LORETO NORTE Nง153                                               
                                       CORRESPONDIENTE AL MES DE JUNIO 2006 SEGUN RECIBO Nง1-3425589-94, CODIGO   
                                       Nง1-1-9-90-100-1 Y MEMORANDO Nง1300-06-SBP๏-TD.                            
                                                                                      Total de Partida : =======>        1,786.90
                                                                                     Total de la Cadena: =======>        1,786.90
 Cadena : 0013   ADMINISTRACION DE INMUEBLES                                 
 Partida: 531156 AGUA Y DESAGUE                
  H/C     Clase                         Detalle                                                                       Valor
อออออออออออออออออออออออออออออออออออออออออออออออออออออออออออออออออออออออออออออออออออออออออออออออออออออออออออออออออออออออออออออออออ
0075.06 0001    AGUA Y DESAGUE         AFECTACION PRESUPUESTAL POR CONCEPTO DE: CONSUMO DE AGUA DEL LOCAL UBICADO           75.80
                                       EN AV.RAMON CASTILLA Nง365 CASTILLA, PROPIEDAD DE SBP, CORRESPONDIENTE AL  
                                       MES  JUNIO 2006, SEGUN RECIBO Nง1-3425598-61, CODIGO Nง1-4-1-2-250-1 Y     
                                       MEMORANDO Nง1292-06-SBP-TD.                                                
0079.06 0001    AGUA Y DESAGUE         AFECTACION PRESUPUESTAL POR CONCEPTO DE: CONSUMO DE AGUA DEL LOCAL UBICADO           90.70
                                       EN CAYETANO HEREDIA Nง214 CASTILLA PROPIEDAD DE SBP, CORRESPONDIENTE AL MES
                                       DE JUNIO 2006 SEGUN RECIBO Nง1-3425601-44, CODIGO Nง1-4-3-4-1650-1 Y       
                                       MEMORANDO Nง1296-06-SBP-TD.                                                
                                                                                                                  
0080.06 0001    AGUA Y DESAGUE         AFECTACION PRESUPUESTAL POR CONCEPTO DE: CONSUMO DE AGUA DEL LOCAL UBICADO          155.60
                                       EN AV. LUIS MONTERO S/N CASTILLA DE PROPIEDAD DE SBP, CORRESPONDIENTE AL   
                                       MES DE JUNIO 2006, SEGUN RECIBO Nง1-3425596-12, CODIGO Nง1-4-1-2-50-1 Y    
                                       MEMORANDO Nง1297-06-SBP-TD.                                                
0084.06 0001    AGUA Y DESAGUE         AFECTACION PRESUPUESTAL POR CONCEPTO DE: CONSUMO DE AGUA DEL UBICADO EN JR.          90.70
                                       HUANCAVELICA Nง227, OFICINA DE RECURSOS Y PATRIMONIO DE SBP,               SOCIEDAD DE BENEFICENCIA DE PIURA  
                                                                                  05/12/2006 P g.    8
                                       CORRESPONDIENTE AL MES DE JUNIO 2006 SEGUN RECIBO Nง1-3425591-60, CODIGO   
                                       Nง1-1-10-28-250-1 Y MEMORANDO Nง1301-06-SBP-TD.                            
                                                                                      Total de Partida : =======>          412.80
                                                                                     Total de la Cadena: =======>          412.80
                                                                                          Total del Mes: =======>        3,506.20
 AฅO : 2006
 Mes : 07
 Cadena : 0003   GESTION ADMINISTRATIVA                                      
 Partida: 531156 AGUA Y DESAGUE                
  H/C     Clase                         Detalle                                                                       Valor
อออออออออออออออออออออออออออออออออออออออออออออออออออออออออออออออออออออออออออออออออออออออออออออออออออออออออออออออออออออออออออออออออ
0080.07 0001    AGUA Y DESAGUE         AFECTACION PRESUPUESTAL POR CONCEPTO DE : CONSUMO DE                              1,053.30
                                       AGUA DEL LOCAL UBICADO EN CALLE LIMA Nง 878- PIURA                         
                                       OFICINA CENTRAL DE LA SBP, CORRESPONDIENTE AL MES DE JULIO DEL 2006 SEGUN  
                                       RECIBO Nง 10025964 CODIGO Nง                                               
                                       1-1-10-28-400-1 MEMORANDO Nง 1529-06-SBP-TD.                               
                                                                                      Total de Partida : =======>        1,053.30
                                                                                     Total de la Cadena: =======>        1,053.30
 Cadena : 0008   ALIMENTACION PARA GRUPO EN RIESGO                           
 Partida: 531156 AGUA Y DESAGUE                
  H/C     Clase                         Detalle                                                                       Valor
อออออออออออออออออออออออออออออออออออออออออออออออออออออออออออออออออออออออออออออออออออออออออออออออออออออออออออออออออออออออออออออออออ
0073.07 0001    AGUA Y DESAGUE         AFECTACION PRESUPUESTAL POR CONCEPTO DE : CONSUMO DE AGUA DEL LOCAL DEL             253.20
                                       COMEDOR SOCIAL, UBICADO EN LA AV, CAYETANO HEREDIA Nง 120 CASTILLA DE      
                                       PROPIEDAD DE LA SBP CORRESPONDIENTE AL MES DE JULIO DEL 2006, SEGUN RECIBO 
                                       Nง1-3483859-29. CODIGO Nง 1-4-3-4-1500-1                                   
                                       MEMORANDO Nง1525-06-SBP-TD.                                                
                                                                                      Total de Partida : =======>          253.20
                                                                                     Total de la Cadena: =======>          253.20
 Cadena : 0011   VENTA DE NICHOS, MAUSOLEOS Y OTROS                          
 Partida: 531156 AGUA Y DESAGUE                
  H/C     Clase                         Detalle                                                                       Valor
อออออออออออออออออออออออออออออออออออออออออออออออออออออออออออออออออออออออออออออออออออออออออออออออออออออออออออออออออออออออออออออออออ
0074.07 0001    AGUA Y DESAGUE         AFECTACION PRESUPUESTAL POR CONCEPTO DE : CONSUMO DE                                421.40
                                       AGUA DEL CEMENTERIO SAN TEODORO PROPIEDAD DE LA SBP,                       
                                       AV LORETO NORTE Nง 153 PIURA CORRESPONDIENTE AL MES DE JULIO DEL 2006 SEGUN
                                       RECIBO Nง 1-3483848-78 CODIGO Nง 1-1-9-90-100-1  MEMORANDO Nง              
                                       1526-06-SBP-TD.                                                            
0075.07 0001    AGUA Y DESAGUE         AFECTACION PRESUPUESTAL POR CONCEPTO DE : CONSUMO DE AGUA DEL CEMENTERIO            185.50
                                       SAN TEODORO- LORETO NORTE Nง 185 DE PROPÞEDAD DE LA SBP, CORRESPONDIENTE AL
                                       MES DE JULIO DEL 2006 SEGUN RECIBO Nง1-3483847-66, CODIGO Nง 1-1-9-90-50-1,
                                       MEMORANDO Nง 1530-06-SBP-TD.                                               
0076.07 0001    AGUA Y DESAGUE         AFECTACION PRESUPUESTAL POR CONCEPTO DE :CONSUMO DE AGUA DEL CEMENTERIO SAN         590.00
                                       MIGUEL ARCANGEL PROPIEDAD DE LA SBP, CORRESPONDIENTE AL MES DE JULIO DEL   
                                       2006, SEGUN RECIBO Nง 1-3486844-83, CODIGO Nง 1-1-7-384-50-1 MEMORANDO Nง  
                                       1527-06-SBP-TD.                                                            
0078.07 0001    AGUA Y DESAGUE         AFECTACION PRESUPUESTAL POR CONCEPTO DE :CONSUMO DE AGUA DEL CEMENTERIO SAN         590.00
                                       MIGUEL ARCANGEL, CORRESPONDIENTE AL EMS DE JULIO DEL 2006, SEGUN RECIBO Nง 
                                       1-3483845-82 CODIGO Nง 1-1-7-384-100-1                                     
                                       MEMORANDO Nง 1531-06-SBP-TD.                                               
                                                                                      Total de Partida : =======>        1,786.90
                                                                                     Total de la Cadena: =======>        1,786.90
 Cadena : 0013   ADMINISTRACION DE INMUEBLES                                 
 Partida: 531156 AGUA Y DESAGUE                
  H/C     Clase                         Detalle                                                                       Valor
อออออออออออออออออออออออออออออออออออออออออออออออออออออออออออออออออออออออออออออออออออออออออออออออออออออออออออออออออออออออออออออออออ
0069.07 0001    AGUA Y DESAGUE         AFECTACION PRESUPUESTAL POR CONCEPTO DE :CONSUMO DE AGUA DEL INMUEBLE                90.70
                                       UBICADO EN JR. HUANCABILICA Nง 227 PIURA PROPIEDAD DE LA SBP, DONDE        SOCIEDAD DE BENEFICENCIA DE PIURA  
                                                                                  05/12/2006 P g.    9
                                       FUNCIONA LA OFICINA DE RECURSOS Y PATRIMONIOS DE LA SBP, CORRESPONDIENTE AL
                                       MES DE JULIO DEL 2006, SEGUN RECIBO Nง1-3483850-44, CODIGO                 
                                       Nง1-1-10-28-250-1                                                          
                                       MEMORANDO Nฆ1522-06-SBP-TS                                                 
0070.07 0001    AGUA Y DESAGUE         AFECTACION PRESUPUESTAL POR CONCEPTO DE : CONSUMO DE                                 75.80
                                       AGUA DEL LOCAL UBICADO EN AV. RAMON CASTILLA Nง365 DE PROPIEDA DE LA SBP,  
                                       CORRESPONDIENTE AL MES DE JULIO DEL 2006, SEGUN RECIBO Nง1-3483857-45,     
                                       CODIGO                                                                     
                                       Nง1-4-1-2-250-1 MEMORANDO Nง1523-06-SBP-TD.                                
0071.07 0001    AGUA Y DESAGUE         AFECTACION PRESUPUESTAL POR CONCEPTO DE :CONSUMO DE AGUA DEL LOCAL UBICADO           90.70
                                       EN CAYETANO HEREDIA Nง 214 CASTILLA DE PROPIEDAD DE LA SBP, CORRESPONDIENTE
                                       AL MES DE JULIO DEL 2006 SEGUN RECIBO Nง13483860-77, CODIGO                
                                       Nง1-4-3-4-1650-1 SEGUN MEMORANDO Nง1524-06-SBP-TD.                         
0079.07 0001    AGUA Y DESAGUE         AFECTACION PRESUPUESTAL POR CONCEPTO DE : CONSUMO DE AGUA DEL LOCAL UBICADO         155.60
                                       EN AV. LUIS MONTEROS S/Nง CASTILLA DE PROPIEDAD DE LA SBP, CORRESPONDIENTE 
                                       AL MES DE JULIO DEL 2006, SEGUN RECIBO Nง 1-3483855-93                     
                                       CODIGO Nง 1-4-1-20-1 MEMORANDO Nง 1528-06-SBP-TD.                          
0081.07 0001    AGUA Y DESAGUE                                                                                             109.60
                                       AFECTACION PRESUPUESTAL POR CONCEPTO DE : CONSUMO DE AGUA DEL LOCAL EN JR. 
                                       HUANCABELICA Nง 245 2do PISO                                               
                                       (DESOCUPADO ) DE PROPIEDAD DE LA SBP. CORRESPONDIENTE A LOS MESES DE JUNIO,
                                       JULIO DEL 2006                                                             
                                       SEGUN RECIBO Nง 1-3300420-30 CODIGO Nง 1-1-10-28-100-1 MEMORANDO Nง        
                                       1537-06-SBP-TD.                                                            
                                                                                      Total de Partida : =======>          522.40
                                                                                     Total de la Cadena: =======>          522.40
                                                                                          Total del Mes: =======>        3,615.80
 AฅO : 2006
 Mes : 08
 Cadena : 0003   GESTION ADMINISTRATIVA                                      
 Partida: 531156 AGUA Y DESAGUE                
  H/C     Clase                         Detalle                                                                       Valor
อออออออออออออออออออออออออออออออออออออออออออออออออออออออออออออออออออออออออออออออออออออออออออออออออออออออออออออออออออออออออออออออออ
0060.08 0001    AGUA Y DESAGUE         AFECTACION PRESUPUESTAL POR CONCEPTO DE SERVICIOS DE CONSUMO DE AGUA DEL          1,053.30
                                       LOCAL INSTITUCIONAL DE LA SBP SITO EN CALLE LIMA  Nง878 PIURA,             
                                       CORRESPONDIENTE AL MES DE AGOSTO DEL PTE. SEGUN RECIBO Nง1-3541853-5,      
                                       CODIGO Nง1-1-10-28-400-1 Y MEMORANDO Nง1786-06-SBP-TD.                     
                                                                                      Total de Partida : =======>        1,053.30
                                                                                     Total de la Cadena: =======>        1,053.30
 Cadena : 0008   ALIMENTACION PARA GRUPO EN RIESGO                           
 Partida: 531156 AGUA Y DESAGUE                
  H/C     Clase                         Detalle                                                                       Valor
อออออออออออออออออออออออออออออออออออออออออออออออออออออออออออออออออออออออออออออออออออออออออออออออออออออออออออออออออออออออออออออออออ
0059.08 0001    AGUA Y DESAGUE         AFECTACION PRESUPUESTAL POR CONCEPTO DE SERVICIOS DE CONSUMO DE AGUA DEL            253.20
                                       COMEDOR SOCIAL DE LA SBP.CORRESPONDIENTE AL MES DE AGOSTO DEL PTE. SEGUN   
                                       RECIBO Nง1-3541861-21, CODIGO # 1-4-3-4-1500-1 Y MEMORANDO                 
                                       Nง1785-06-SBP-TD.                                                          
                                                                                      Total de Partida : =======>          253.20
                                                                                     Total de la Cadena: =======>          253.20
 Cadena : 0011   VENTA DE NICHOS, MAUSOLEOS Y OTROS                          
 Partida: 531156 AGUA Y DESAGUE                
  H/C     Clase                         Detalle                                                                       Valor
อออออออออออออออออออออออออออออออออออออออออออออออออออออออออออออออออออออออออออออออออออออออออออออออออออออออออออออออออออออออออออออออออ
0055.08 0001    AGUA Y DESAGUE         AFECTACION PRESUPUESTAL POR CONCEPTO DE SERVICIOS DE CONSUMO DE AGUA DEL            421.40
                                       CEMENTERIO SAN TEODORO, SEGUN RECIBO Nง1-3541850-70, CODIGO                
                                       Nง1-1-9-90-100-1 Y MEMORANDO Nง1773-06-SBP-TD, CORRESPONDIENTE AL MES DE   
                                       AGOSTO DEL PTE. SEGUN RECIBO Nง1-3541850-70, CODIGO Nง 1-19-90100-1 Y      
                                       MEMORANDO Nง1773-06-SBP-TD.                                                SOCIEDAD DE BENEFICENCIA DE PIURA  
                                                                                  05/12/2006 P g.   10
0056.08 0001    AGUA Y DESAGUE         AFECTACION PRESUPUESTAL POR CONCEPTO DE SERVICIOS DE CONSUMO DE AGUA DEL            185.50
                                       CEMENTERIO SAN TEODORO, CORRESPONDIENTE AL MES DE AGOSTO DEL PTE. SEGUN    
                                       RECIBO Nง1-3541849-1, CODIGO Nง1-1-9-90-50-1 Y MEMORANDO Nง1774-06-SBP-TD. 
0057.08 0001    AGUA Y DESAGUE         AFECTACION PRESUPUESTAL POR CONCEPTO DE SERVICIOS DE CONSUMO DE ENERGIA             590.00
                                       ELECTRICA DEL CEMENTERIO SAN MIGUEL ARCANGEL, CORRESPONDIENTE AL MES DE    
                                       AGOSTO DEL PTE. SEGUN RECIBO Nง1-3541847-17, CODIGO Nง1-1-7-384-100-1 Y    
                                       MEMORANDO Nง1775-06-SBP-TD.                                                
0058.08 0001    AGUA Y DESAGUE         AFECTACION PRESUPUESTAL POR CONCEPTO DE SERVICIOS DE CONSUMO DE AGUA DEL            590.00
                                       CEMENTERIO SAN MIGUEL ARCANGEL, CORRESPONDIENTE AL MES DE AGOSTO DEL PTE.  
                                       SEGUN RECIBO Nง1-3541846-18, CODIGO Nง1-1-7-384-50-1 Y MEMORANDO           
                                       Nง1777-06-SBP-TD.                                                          
                                                                                      Total de Partida : =======>        1,786.90
                                                                                     Total de la Cadena: =======>        1,786.90
 Cadena : 0013   ADMINISTRACION DE INMUEBLES                                 
 Partida: 531156 AGUA Y DESAGUE                
  H/C     Clase                         Detalle                                                                       Valor
อออออออออออออออออออออออออออออออออออออออออออออออออออออออออออออออออออออออออออออออออออออออออออออออออออออออออออออออออออออออออออออออออ
0053.08 0001    AGUA Y DESAGUE         AFECTACION PRESUPUESTAL POR CONCEPTO DE SERVICIOS DE CONSUMO DE AGUA DEL             75.80
                                       LOCAL DE AV.RAMON CASTILLA Nง365 CASTILLA DONDE FUNCIONA EL ALMACEN,       
                                       CORRESPONDIENTE AL MES DE AGOSTO DEL PTE. SEGUN RECIBO Nง1-3541859-77,     
                                       CODIGO Nง1-4-1-2-250-1, MEMORANDO Nง1771-06-SBP-TD.                        
0054.08 0001    AGUA Y DESAGUE         AFECTACION PRESUPUESTAL POR CONCEPTO DE SERVICIOS DE CONSUMO DE AGUA DEL             90.70
                                       JR.HUANCAVELICA Nง227 2DO.PISO DONDE FUNCIONAN LAS OFICINAS DE RECURSOS Y  
                                       PATRIMONIO, CORRESPONDIENTE AL MES DE AGOSTO DEL PTE. SEGUN RECIBO         
                                       Nง1-3541854-76, CODIGO Nง1-1-10-28-250-1, MEMORANDO Nง 1772-06-SBP-TD.     
0061.08 0001    AGUA Y DESAGUE         AFECTACION PRESUPUESTAL POR CONCEPTO DE SERVICIOS DE CONSUMO DE AGUA DEL            155.60
                                       LOCAL DE LA COCHERA DE LA SBP. SITO EN AV. LUIS MONTERO S/N CASTILLA,      
                                       CORRESPONDIENTE AL MES DE AGOSTO DEL PTE. SEGUN RECIBO Nง1-3541857-28,     
                                       CODIGO Nง1-4-1-2-50-1 Y MEMORANDO Nง1787-06-SBP-TD.                        
0062.08 0001    AGUA Y DESAGUE         AFECTACION PRESUPUESTAL POR CONCEPTO DE SERVICIOS DE CONSUMO DE AGUA DEL             90.70
                                       LOCAL SITO EN AV. CAYETANO HEREDIA Nง214 CASTILLA PROPIEDAD DE LA          
                                       BENEFICENCIA CORRESPONDIENTE AL MES DE AGOSTO DEL PTE. SEGUN RECIBO        
                                       Nง1-3541862-12, CODIGO Nง1-4-3-4-1650-1 Y MEMORANDO Nง1788-06-SBP-TD.      
0063.08 0001    AGUA Y DESAGUE         AFECTACION PRESUPUESTAL POR CONCEPTO DE SERVICIOS DE CONSUMO DE AGUA DEL             55.00
                                       LOCAL SITO EN JR.HUANCAVELICA Nง245-2do.PISO PIURA, PROPIEDAD DE LA        
                                       BENEFICENCIA, CORRESPONDIENTE AL MES DE AGOSTO DEL PTE. SEGUN RECIBO       
                                       Nง1-3558381-21, CODIGO Nง1-1-10-28-100-1 Y MEMORANDO Nง1908-06-SBP-TD.     
                                                                                      Total de Partida : =======>          467.80
                                                                                     Total de la Cadena: =======>          467.80
                                                                                          Total del Mes: =======>        3,561.20
 AฅO : 2006
 Mes : 09
 Cadena : 0003   GESTION ADMINISTRATIVA                                      
 Partida: 531156 AGUA Y DESAGUE                
  H/C     Clase                         Detalle                                                                       Valor
อออออออออออออออออออออออออออออออออออออออออออออออออออออออออออออออออออออออออออออออออออออออออออออออออออออออออออออออออออออออออออออออออ
0039.09 0001    AGUA Y DESAGUE         AFECTACION PRESUPUESTAL POR CONCEPTO DE SERVICIOS DE CONSUMO DE AGUA DEL          1,053.30
                                       LOCAL INSTITUCIONAL, UBICADO EN CALLE LIMA Nง878 PIURA, CORRESPONDIENTE AL 
                                       MES DE SETIEMBRE DEL PTE. SEGUN RECIBO Nง1-3599847-65, CODIGO              
                                       Nง1-1-10-28-400-1, MEMORANDO Nง2099-06-SBP-TD.                             
                                                                                      Total de Partida : =======>        1,053.30
                                                                                     Total de la Cadena: =======>        1,053.30
 Cadena : 0008   ALIMENTACION PARA GRUPO EN RIESGO                           
 Partida: 531156 AGUA Y DESAGUE                
  H/C     Clase                         Detalle                                                                       Valor
อออออออออออออออออออออออออออออออออออออออออออออออออออออออออออออออออออออออออออออออออออออออออออออออออออออออออออออออออออออออออออออออออ
0045.09 0001    AGUA Y DESAGUE         AFECTACION PRESUPUESTAL POR CONCEPTO DE SERVICIO DE CONSUMO DE AGUA DEL             253.20
                                       LOCAL DEL COMEDOR SOCIAL SITO EN AV. CAYETANO HEREDIA Nง120 PIURA,         SOCIEDAD DE BENEFICENCIA DE PIURA  
                                                                                  05/12/2006 P g.   11
                                       CORRESPONDIENTE AL MES DE SETIEMBRE DEL PTE. SEGUN RECIBO Nง1-3599855-81,  
                                       CODIGO Nง1-4-3-4-1500-1 Y MEMORANDO Nง2105-06-SBP-TD.                      
                                                                                      Total de Partida : =======>          253.20
                                                                                     Total de la Cadena: =======>          253.20
 Cadena : 0011   VENTA DE NICHOS, MAUSOLEOS Y OTROS                          
 Partida: 531156 AGUA Y DESAGUE                
  H/C     Clase                         Detalle                                                                       Valor
อออออออออออออออออออออออออออออออออออออออออออออออออออออออออออออออออออออออออออออออออออออออออออออออออออออออออออออออออออออออออออออออออ
0041.09 0001    AGUA Y DESAGUE         AFECTACION PRESUPUESTAL POR CONCEPTO DE SERVICIOS DE CONSUMO DE AGUA DEL            421.40
                                       CEMENTERIO SAN TEODORO UBICADO EN AV. LORETO NORTE Nง153 PIURA,            
                                       CORRESPONDIENTE AL MES DE SETIEMBRE DEL PTE. SEGUN RECIBO Nง1-3599844-33,  
                                       CODIGO Nง1-1-9-90-100-1, MEMORANDO Nง2101-06-SBP-TD.                       
0042.09 0001    AGUA Y DESAGUE         AFECTACION PRESUPUESTAL POR CONCEPTO DE SERVICIOS DE CONSUMO DE AGU DEL             185.50
                                       CEMENTERIO SAN TEODORO UBICADO EN AV. LORETO NORTE Nง185 CORESPONDIENTE AL 
                                       MES DE SETIEMBRE DEL PTE. SEGUN RECIBO Nง1-3599843-21, CODIGO              
                                       Nง1-1-9-90-50-1Y MEMORANDO Nง2102-06-SBP-TD.                               
0043.09 0001    AGUA Y DESAGUE         AFECTACION PRESUPUESTAL POR CONCEPTO DE SERVICIOS DE CONSUMO DE AGUA DEL            590.00
                                       CEMENTERIO SAN MIGUEL ARCANGEL, CORRESPONDIENTE AL MES DE SETIEMBRE DEL    
                                       PTE. SEGUN RECIBO Nง1-3599841-37, CODIGO Nง1-1-7-384-100-1 Y MEMORANDO     
                                       Nง2103-06-SBP-TD.                                                          
0044.09 0001    AGUA Y DESAGUE         AFECTACION PRESUPUESTAL POR CONCEPTO DE CONSUMO DE AGUA DEL CEMENTERIO SAN          590.00
                                       MIGUEL ARCANGEL CORRESPONDIENTE AL MES DE SETIEMBRE DEL PTE. SEGUN RECIBO  
                                       Nง1-3599840-38, CODIGO Nง1-1-7-384-50-1 Y MEMORANDO Nง2104-06-SBP-TD.      
                                                                                      Total de Partida : =======>        1,786.90
                                                                                     Total de la Cadena: =======>        1,786.90
 Cadena : 0013   ADMINISTRACION DE INMUEBLES                                 
 Partida: 531156 AGUA Y DESAGUE                
  H/C     Clase                         Detalle                                                                       Valor
อออออออออออออออออออออออออออออออออออออออออออออออออออออออออออออออออออออออออออออออออออออออออออออออออออออออออออออออออออออออออออออออออ
0036.09 0001    AGUA Y DESAGUE         AFECTACION PRESUPUESTAL POR CONCEPTO DE SERVICIOS DE CONSUMO DE AGUA DEL             54.50
                                       LOCAL JR.HUANCAVELICA Nง245  2DO.PISO PIURA, (DESOCUPADO) CORRESPONDIENTE  
                                       AL MES DE SETIEMBRE DEL PTE. SEGUN RECIBO Nง1-3616378-65, CODIGO           
                                       Nง1-1-10-28-100-1 Y MEMORANDO Nง2079-06-SBP-TD                             
0037.09 0001    AGUA Y DESAGUE         AFECTACION PRESUPUESTAL POR CONCEPTO DE SERVICIOS DE CONSUMO DE AGUA DEL             90.70
                                       LOCAL UBICADO EN AV.CAYETANO HEREDIA Nง214 PROPIEDAD DE LA BENEFICENCIA DE 
                                       PIURA, CORRESPONDIENTE AL MES DE SETIEMBRE DEL PTE. SEGUN RECIBO           
                                       Nง1-3599856-72, CODIGO Nง1-4-3-4-1650-1 Y MEMORANDO Nง2095-06-SBP-TD.      
0038.09 0001    AGUA Y DESAGUE         AFECTACION PRESUPUESTAL POR CONCEPTO DE SERVICIOS DE CONSUMO DE AGUA DEL            155.60
                                       LOCAL DE LA COCHERA SITO EN AV. LUIS MONTERO S/N FRENTE A LA FAP           
                                       CORRESPONDIENTE AL MES DE SETIEMBRE DEL PTE. SEGUN RECIBO Nง1-3599851-48,  
                                       CODIGO Nง1-4-1-2-50-1 Y MEMORANDO Nง2098-06-SBP-TD.                        
0040.09 0001    AGUA Y DESAGUE         AFECTACION PRESUPUESTAL POR CONCEPTO DE SERVICIOS DE CONSUMO DE AGUA DEL             90.70
                                       LOCAL DE RECURSOS Y PATRIMONIO UBICADO EN JR.HUANCAVELICA Nง227  2DO.PISO  
                                       CORRESPONDIENTE AL MES DE SETIEMBRE DEL PTE. SEGUN RECIBO Nง1-3599846-39,  
                                       CODIGO Nง1-1-10-28-250-1 Y MEMORANDO Nง2100-06-SBP-TD.                     
0046.09 0001    AGUA Y DESAGUE         AFECTACION PRESUPUESTAL POR CONCEPTO DE SERVICIOS CONSUMO DE AGUA DEL LOCAL          75.80
                                       AV. RAMON CASTILLA Nง365 CASTILLA, CORRESPONDIENTE AL MES DE SETIEMBRE DEL 
                                       PTE. SEGUN RECIBO Nง1-3599853-97, CODIGO Nง1-4-1-2-250-1 Y MEMORANDO       
                                       Nง2106-06-SBP-TD.                                                          
                                                                                      Total de Partida : =======>          467.30
                                                                                     Total de la Cadena: =======>          467.30
                                                                                          Total del Mes: =======>        3,560.70
 AฅO : 2006
 Mes : 10
 Cadena : 0003   GESTION ADMINISTRATIVA                                      
 Partida: 531156 AGUA Y DESAGUE                
  H/C     Clase                         Detalle                                                                       Valor
อออออออออออออออออออออออออออออออออออออออออออออออออออออออออออออออออออออออออออออออออออออออออออออออออออออออออออออออออออออออออออออออออSOCIEDAD DE BENEFICENCIA DE PIURA  
                                                                                  05/12/2006 P g.   12
0053.10 0001    AGUA Y DESAGUE         AFECTACION PRESUPUESTAL POR CONCEPTO DE SERVICIOS DE CONSUMO DE AGUA DEL          1,053.30
                                       LOCAL INSTITUCIONAL SITO EN CALLE LIMA Nง878, CORRESPONDIENTE AL MES DE    
                                       OCTUBRE DEL PTE. SEGUN RECIBO Nง1-3651531-9, CODIGO Nง1-1-10-28-400-1 Y    
                                       MEMORANDO Nง2298-06-SBP-TD.                                                
0063.10 0001    AGUA Y DESAGUE         AFECTACION PRESUPUESTAL POR CONCEPTO DE SERVICIOS DE CONSUMO DE AGUA DEL            223.40
                                       LOCAL UBICADO EN AV. CAYETANO HEREDIA Nง214 CASTILLA , PROPIEDAD DE LA     
                                       BENEFICENCIA , SEGUN RECIBO Nง1-3651540-54, CODIGO Nง1-4-3-4-1650-1 Y      
                                       MEMORANDO Nง2301-06-SBP-TD.                                                
                                                                                      Total de Partida : =======>        1,276.70
                                                                                     Total de la Cadena: =======>        1,276.70
 Cadena : 0008   ALIMENTACION PARA GRUPO EN RIESGO                           
 Partida: 531156 AGUA Y DESAGUE                
  H/C     Clase                         Detalle                                                                       Valor
อออออออออออออออออออออออออออออออออออออออออออออออออออออออออออออออออออออออออออออออออออออออออออออออออออออออออออออออออออออออออออออออออ
0055.10 0001    AGUA Y DESAGUE         AFECTACION PRESUPUESTAL POR CONCEPTO DE SERVICIOS DE CONSUMO DE AGUA DEL            253.20
                                       LOCAL DEL COMEDOR UBICADO EN AV. CAYETANO HEREDIA Nง120 PROPIEDAD DE LA    
                                       BENEFICENCIA, CORRESPONDIENTE AL MES DE OCTUBRE DEL PTE. SEGUN RECIBO      
                                       Nง1-3651539-65, CODIGO Nง1-4-3-4-1500-1 Y MEMORANDO Nง2300-06-SBP-TD.      
                                                                                                                  
                                                                                      Total de Partida : =======>          253.20
                                                                                     Total de la Cadena: =======>          253.20
 Cadena : 0011   VENTA DE NICHOS, MAUSOLEOS Y OTROS                          
 Partida: 531156 AGUA Y DESAGUE                
  H/C     Clase                         Detalle                                                                       Valor
อออออออออออออออออออออออออออออออออออออออออออออออออออออออออออออออออออออออออออออออออออออออออออออออออออออออออออออออออออออออออออออออออ
0048.10 0001    AGUA Y DESAGUE         AFECTACION PRESUPUESTAL POR CONCEPTO DE SERVICIO DE CONSUMO DE AGUA DEL             590.00
                                       CEMENTERIO SAN MIGUEL ARCANGEL, CORRESPONDIENTE AL MES DE OCTUBRE DEL PTE. 
                                       SEGUN RECIBO Nง1-3651523-39, CODIGO Nง1-1-7-384-50-1 Y MEMORANDO           
                                       Nง2293-06-SBP-TD.                                                          
0049.10 0001    AGUA Y DESAGUE         AFECTACION PRESUPUESTAL POR CONCEPTO DE SERVICIOS  DE CONSUMO DE AGUA DEL           590.00
                                       CEMENTERIO SAN MIGUEL ARCANGEL, CORRESPONDIENTE AL MES DE OCTUBRE DEL PTE. 
                                       SEGUN RECIBO Nง1-3651524-38, CODIGO Nง1-1-7-384-100-1 Y MEMORANDO          
                                       Nง2294-06-SBP-TD.                                                          
0050.10 0001    AGUA Y DESAGUE         AFECTACION PRESUPUESTAL POR CONCEPTO DE SERVICIOS DE CONSUMO DE AGUA DEL            185.50
                                       CEMENTERIO SAN TEODORO, CORRESPONDIENTE AL MES DE OCTUBRE DEL PTE. SEGUN   
                                       RECIBO Nง1-3651527-5, CODIGO Nง1-1-9-90-50-1 Y MEMORANDO Nง2295-06-SBP-TD. 
0051.10 0001    AGUA Y DESAGUE         AFECTACION PRESUPUESTAL POR CONCEPTO DE SERVICIOS DE CONSUMO DE AGUA DEL            421.40
                                       CEMENTERIO SAN TEODORO CORRESPONDIENTE AL MES DE OCTUBRE DEL PTE. SEGUN    
                                       RECIBO Nง1-3651528-17, CODIGO                                              
                                       1-1-9-90-100-1 Y MEMORANDO Nง2296-06-SBP-TD.                               
                                                                                                                  
                                                                                      Total de Partida : =======>        1,786.90
                                                                                     Total de la Cadena: =======>        1,786.90
 Cadena : 0013   ADMINISTRACION DE INMUEBLES                                 
 Partida: 531156 AGUA Y DESAGUE                
  H/C     Clase                         Detalle                                                                       Valor
อออออออออออออออออออออออออออออออออออออออออออออออออออออออออออออออออออออออออออออออออออออออออออออออออออออออออออออออออออออออออออออออออ
0052.10 0001    AGUA Y DESAGUE         AFECTACION PRESUPUESTAL POR CONCEPTO DE SERVICIOS DE CONSUMO DE AGUA DEL             90.70
                                       LOCAL DE LA HUANCAVELICA Nง227  2DO. PISO, DE PROPIEDAD DE LA BENEFICENCIA 
                                       CORRESPONDIENTE AL MES DE OCTUBRE DEL PTE.SEGUN RECIBO Nง1-3651530-80 ,    
                                       CODIGO Nง1-1-10-28-250-1 Y MEMORANDO Nง2297-06-SBP-TD.                     
0054.10 0001    AGUA Y DESAGUE         AFECTACION PRESUPUESTAL POR CONCEPTO DE SERVICIOS DE CONSUMO DE AGUA DEL            155.60
                                       LOCAL SITO EN AV. LUIS MONTERO S/N CASTILLA  COCHERA PROPIEDAD DE LA       
                                       BENEFICENCIA, CORRESPONDIENTE AL MES DE OCTUBRE DEL PTE. SEGUN RECIBO      
                                       Nง1-3651535-32, CODIGO Nง1-4-1-2-50-1 Y MEMORANDO Nง2299-06-SBP-TD.        
0056.10 0001    AGUA Y DESAGUE         AFECTACION PRESUPUESTAL POR CONCEPTO DE SERVICIOS DE CONSUMO DE AGUA DEL             75.80
                                       LOCAL UBICADO EN AV. RAMON CASTILLA Nง365 PROPIEDAD DE LA BENEFICENCIA     
                                       CORRESPONDIENTE AL MES DE OCTUBRE DEL PTE. SEGUN RECIBO Nง1-3651537-81,    SOCIEDAD DE BENEFICENCIA DE PIURA  
                                                                                  05/12/2006 P g.   13
                                       CODIGO Nง1-4-1-2-250-1 Y MEMORANDO Nง2316-06-SBP-TD.                       
0087.10 0001    AGUA Y DESAGUE         AFECTACION PRESUPUESTAL POR CONCEPTO DE SERVICIOS DE CONSUMO DE AGUA DEL             54.50
                                       LOCAL UBICADO EN JR. HUANCAVELICA Nง245 2DO. PISO (DESOCUPADO) PROPIEDAD DE
                                       LA BENEFICENCIA, CORRESPONDIEMNTE AL MES DE OCTUBRE DEL PTE. SEGUN RECIBO  
                                       Nง1-3668063-38, CODIGO Nง1-1-10-28-100-1 Y MEMEORANDO Nง2392-06-SBP-TD.    
                                                                                      Total de Partida : =======>          376.60
                                                                                     Total de la Cadena: =======>          376.60
                                                                                          Total del Mes: =======>        3,693.40
 AฅO : 2006
 Mes : 11
 Cadena : 0003   GESTION ADMINISTRATIVA                                      
 Partida: 531156 AGUA Y DESAGUE                
  H/C     Clase                         Detalle                                                                       Valor
อออออออออออออออออออออออออออออออออออออออออออออออออออออออออออออออออออออออออออออออออออออออออออออออออออออออออออออออออออออออออออออออออ
0035.11 0001    AGUA Y DESAGUE         AFECTACION PRESUPUESTAL POR CONCEPTO DE SERVICIOS DE CONSUMO DE AGUA DEL          1,053.30
                                       LOCAL INSTITUCIONAL SITO EN CALLE LIMA Nง878 PIURA, CORRESPONDIENTE AL MES 
                                       DE NOVIEMBRE DEL PTE. SEGUN RECIBO Nง1-3709869-10, CODIGO Nง1-1-10-28-400-1
                                       Y MEMORANDO Nง2583-06-SBP-TD.                                              
                                                                                      Total de Partida : =======>        1,053.30
                                                                                     Total de la Cadena: =======>        1,053.30
 Cadena : 0008   ALIMENTACION PARA GRUPO EN RIESGO                           
 Partida: 531156 AGUA Y DESAGUE                
  H/C     Clase                         Detalle                                                                       Valor
อออออออออออออออออออออออออออออออออออออออออออออออออออออออออออออออออออออออออออออออออออออออออออออออออออออออออออออออออออออออออออออออออ
0038.11 0001    AGUA Y DESAGUE         AFECTACION PRESUPUESTAL POR CONCEPTO DE SERVICIOS  DE CONSUMO DE AGUA DEL           253.20
                                       COMEDOR SOCIAL DE LA BENEFICENCIA , CORRESPONDIENTE AL MES DE NOVIEMBRE DEL
                                       PTE. SEGUN RECIBO Nง1-3709878-9, CODIGO Nง1-4-3-4-1500-1 Y MEMORANDO       
                                       Nง2586-06-SBP-TD.                                                          
                                                                                      Total de Partida : =======>          253.20
                                                                                     Total de la Cadena: =======>          253.20
 Cadena : 0011   VENTA DE NICHOS, MAUSOLEOS Y OTROS                          
 Partida: 531156 AGUA Y DESAGUE                
  H/C     Clase                         Detalle                                                                       Valor
อออออออออออออออออออออออออออออออออออออออออออออออออออออออออออออออออออออออออออออออออออออออออออออออออออออออออออออออออออออออออออออออออ
0030.11 0001    AGUA Y DESAGUE         AFECTACION PRESUPUESTAL POR CONCEPTO DE SERVICIOS, CONSUMO DE AGUA DEL              590.00
                                       CEMENTERIO SAN MIGUEL ARCANGEL CORRESPONDIENTE AL MES DE NOVIEMBRE DEL PTE.
                                       SEGUN RECIBO Nง1-3709861-97, CODIGO Nง1-1-7-384-50-1, MEMORANDO            
                                       Nง2578-06-SBP-TD.                                                          
0031.11                                AFECTACION PRESUPUESTAL POR CONCEPTO DE SERVICIOS DE CONSUMO DE AGUA DEL            590.00
                                       CEMENTERIO SAN MIGUEL ARCANGEL CORRESPONDIENTE AL MES DE NOVIEMBRE DEL PTE.
                                       SEGUN RECIBO Nง1-3709861-97, CODIGO 1 -1-7-384-50-1 Y MEMORANDO            
                                       Nง2579-06-SBP-TD.                                                          
0032.11 0001    AGUA Y DESAGUE         AFECTACION PRESUPUESTAL POR CONCEPTO DE SERVICIOS DE CONSUMO DE AGUA DEL            185.50
                                       CEMENTERIO SAN TEODORO CORRESPONDIENTE AL MES DE NOVIEMBRE DEL PTE. SEGUN  
                                       RECIBO Nง1-3709865-63, CODIGO Nง1-1-9-90-50-1 Y MEMORANDO Nง2580-06-SBP-TD.
0033.11 0001    AGUA Y DESAGUE         AFECTACION PRESUPUESTAL POR CONCEPTO DE SERVICIOS DE CONSUMO DE AGUA DEL            421.40
                                       CEMENTERIO SAN TEODORO, CORRESPONDIENTE AL MES DE NOVIEMBRE DEL PTE. SEGUN 
                                       RECIBO Nง1-3709866-75, CODIGO Nง1-1-9-90-100-1 Y MEMORANDO                 
                                       Nง2581-06-SBP-TD.                                                          
                                                                                      Total de Partida : =======>        1,786.90
                                                                                     Total de la Cadena: =======>        1,786.90
 Cadena : 0013   ADMINISTRACION DE INMUEBLES                                 
 Partida: 531156 AGUA Y DESAGUE                
  H/C     Clase                         Detalle                                                                       Valor
อออออออออออออออออออออออออออออออออออออออออออออออออออออออออออออออออออออออออออออออออออออออออออออออออออออออออออออออออออออออออออออออออ
0034.11 0001    AGUA Y DESAGUE         AFECTACION PRESUPUESTAL POR CONCEPTO DE SERVICIOS DE CONSUMO DE AGUA DEL             90.70
                                       LOCAL UBICADO EN JR.HUANCAVELICA Nง227 2DO. PISO, DONDE FUNCIONAN LAS      
                                       OFICINAS DE RECURSOS Y PATRIMONIO, CORRESPONDIENTE AL MES DE NOVIEMBRE DEL SOCIEDAD DE BENEFICENCIA DE PIURA  
                                                                                  05/12/2006 P g.   14
                                       PTE. SEGUN RECIBO Nง1-3709868-84, CODIGO Nง1-1-10-28-250-1 Y MEMORANDO     
                                       Nง2582-06-SBP-TD.                                                          
0036.11 0001    AGUA Y DESAGUE         AFECTACION PRESUPUESTAL POR CONCEPTO DE SERVICIOS DE CONSUMO DE AGUA DEL            155.60
                                       LOCAL SITO EN AV. LUIS MONTERO S/N DE PROPIEDAD DE LA BENEFICENCIA,        
                                       CORRESPONDIENTE AL MES DE NOVIEMBRE DEL PTE. SEGUN RECIBO Nง1-3709874-73,  
                                       CODIGO Nง1-4-1-2-50-1 Y MEMORANDO Nง2584-06-SBP-TD.                        
                                                                                                                  
0037.11 0001    AGUA Y DESAGUE         AFECTACION PRESUPUESTAL POR CONCEPTO DE SERVICIOS DE CONSUMO DE AGUA DEL             75.80
                                       LOCAL AV. RAMON CASTILLA Nง365 DE PROPIEDAD DE LA BENEFICENCIA             
                                       CORRESPONDIENTE AL MES DE NOVIEMBRE DEL PTE.SEGUN RECIBO Nง1-3709876-25,   
                                       CODIGO Nง1-4-1-2-250-1 Y MEMORANDO Nง2585-06-SBP-TD.                       
0039.11 0001    AGUA Y DESAGUE         AFECTACION PRESUPUESTAL POR CONCEPTO DE SERVICIOS DE CONSUMO DE AGUA DEL            223.40
                                       LOCAL SITO EN AV. CAYETANO HEREDIA  Nง214 PROPIEDAD DE LA BENEFICENCIA,    
                                       CORRESPONDIENTE AL MES DE NOVIEMBRE DEL PTE. SEGUN RECIBO Nง1-3709879-38,  
                                       CODIGO Nง1-4-3-4-1650-1 Y MEMORANDO Nง2587-06-SBP-TD.                      
0076.11 0001    AGUA Y DESAGUE         AFECTACION PRESUPUESTAL POR CONCEPTO DE SERVICIOS CONSUMO DE AGUA DEL LOCAL          54.90
                                       UBICADO EN JR. HUANCAVELICA Nง245  2DO. PISO PROPIEDAD DE LA BENEFICENCIA  
                                       CORRESPONDIENTE AL MES DE NOVIEMBRE DEL PTE., SEGUN RECIBO Nง1-3726343-89, 
                                       CODIGO Nง1-1-10-28-100-1 Y MEMORANDO Nง2671-06-SBP-TD.                     
                                                                                                                  
                                                                                                                  
                                                                                      Total de Partida : =======>          600.40
                                                                                     Total de la Cadena: =======>          600.40
                                                                                          Total del Mes: =======>        3,693.80
