SOCIEDAD DE BENEFICENCIA DE PIURA  
                                                                                  05/12/2006 P g.    1
 AฅO : 2006
 Mes : 02
 Cadena : 0003   GESTION ADMINISTRATIVA                                      
 Partida: 531155 LUZ                           
  H/C     Clase                         Detalle                                                                       Valor
อออออออออออออออออออออออออออออออออออออออออออออออออออออออออออออออออออออออออออออออออออออออออออออออออออออออออออออออออออออออออออออออออ
0065.02 0001    LUZ                    AFECTACION PRESUPUESTAL POR CONCEPTO DE: CONSUMO DE ENERGIA ELECTRICA DEL         1,442.10
                                       LOCAL UBICADO EN CALLE LIMA Nง878 DE OFICINA CENTRAL  CORRESPONDIENTE AL   
                                       MES DE ENERO/2006 SEGUN RECIBO Nง001-05354097 Y MEMORANDO Nง281-06-SBP-TD. 
0102.02 0001    LUZ                    AFECTACION PRESUPUESTAL POR CONCEPTO DE: CONSUMO DE ENERGIA ELECTRICA DEL            42.60
                                       LOCAL UBICADO EN AV.RAMON CASTILLA Nง373 CASTILLA DE PROPIEDAD DE SBP,     
                                       CORRESPONDIENTE AL MES DE ENERO/2006 , SEGUN RECIBO Nง001-05410841,        
                                       MEMORANDO Nง288-06-SBP-TD.                                                 
                                                                                      Total de Partida : =======>        1,484.70
 Partida: 531171 SERVICIOS                     
  H/C     Clase                         Detalle                                                                       Valor
อออออออออออออออออออออออออออออออออออออออออออออออออออออออออออออออออออออออออออออออออออออออออออออออออออออออออออออออออออออออออออออออออ
0102.02 0012    SERVICIOS              AFECTACION PRESUPUESTAL POR CONCEPTO DE: CONSUMO DE ENERGIA ELECTRICA DEL            39.60
                                       LOCAL UBICADO EN AV.RAMON CASTILLA Nง373 CASTILLA DE PROPIEDAD DE SBP,     
                                       CORRESPONDIENTE AL MES DE ENERO/2006 , SEGUN RECIBO Nง001-05410841,        
                                       MEMORANDO Nง288-06-SBP-TD.                                                 
                                                                                      Total de Partida : =======>           39.60
                                                                                     Total de la Cadena: =======>        1,524.30
 Cadena : 0008   ALIMENTACION PARA GRUPO EN RIESGO                           
 Partida: 531155 LUZ                           
  H/C     Clase                         Detalle                                                                       Valor
อออออออออออออออออออออออออออออออออออออออออออออออออออออออออออออออออออออออออออออออออออออออออออออออออออออออออออออออออออออออออออออออออ
0063.02 0001    LUZ                    AFECTACION PRESUPUESTAL POR CONCEPTO DE: CONSUMO DE ENERGIA ELECTRICA DEL           826.40
                                       COMEDOR SOCIAL DE SBP, UBICADO EN AV.CAYETANO HEREDIA Nง116 CASTILLA ,     
                                       CORRESPONDIENTE AL MES DE ENERO/2006 SEGUN RECIBO Nง001-05410835 Y         
                                       MEMORANDO Nง278-06-SBP-GG.                                                 
                                                                                      Total de Partida : =======>          826.40
                                                                                     Total de la Cadena: =======>          826.40
 Cadena : 0011   VENTA DE NICHOS, MAUSOLEOS Y OTROS                          
 Partida: 531155 LUZ                           
  H/C     Clase                         Detalle                                                                       Valor
อออออออออออออออออออออออออออออออออออออออออออออออออออออออออออออออออออออออออออออออออออออออออออออออออออออออออออออออออออออออออออออออออ
0062.02 0001    LUZ                    AFECTACION PRESUPUESTAL POR CONCEPTO DE: CONSUMO DE ENERGIA ELECTRICA DEL           573.00
                                       CEMENTERIO SAN MIGUEL  ARCANGEL, CORRESPONDIENTE AL MES DE ENERO/2006 SEGUN
                                       RECIBO Nง001-05350761 Y MEMORANDO Nง277-06-SBP-GG.                         
0066.02 0001    LUZ                    AFECTACION PRESUPUESTAL POR CONCEPTO DE: CONSUMO DE ENERGIA ELECRTICA DEL           224.50
                                       CEMENTERIO SAN TEODORO - LORETO Nง101, CORRESPONDIENTE AL MES DE ENERO/2006
                                       RECIBO Nง001-05363848, MEMORANDO Nง282-06-SBP-TD.                          
                                                                                      Total de Partida : =======>          797.50
                                                                                     Total de la Cadena: =======>          797.50
 Cadena : 0013   ADMINISTRACION DE INMUEBLES                                 
 Partida: 531155 LUZ                           
  H/C     Clase                         Detalle                                                                       Valor
อออออออออออออออออออออออออออออออออออออออออออออออออออออออออออออออออออออออออออออออออออออออออออออออออออออออออออออออออออออออออออออออออ
0064.02 0001    LUZ                    AFECTACION PRESUPUESTAL POR CONCEPTO DE: CONSUMO DE ENERGIA ELECTRICA                59.60
                                       CORRESPONDIENTE AL MES ENERO/2006                                          
                                       DEL INMUEBLE UBICADO EN AV.LUIS MONTERO S/N  CASTILLA, SEGUN RECIBO        
                                       Nง001-0541010843 Y MEMORANDO Nง279-06-SBP-GG.                              
0067.02 0001    LUZ                    AFECTACION PRESUPUESTAL POR CONCEPTO DE: CONSUMO DE ENERGIA ELECTRICA DEL            79.40
                                       LOCAL UBICADO EN AV.RAMON CASTILLA Nง353 CASTILLA PROPIEDAD DE SBP,        
                                       CORRESPONDIENTE AL MES DE ENERO/2006 SEGUN RECIBO Nง001-05410836 Y         
                                       MEMORANDO Nง298-06-SBP-TD.                                                 
0068.02 0001    LUZ                    AFECTACION PRESUPUESTAL POR CONCEPTO DE: CONSUMO DE ENERGIA ELECTRICA DEL            40.60SOCIEDAD DE BENEFICENCIA DE PIURA  
                                                                                  05/12/2006 P g.    2
                                       LOCAL UBICADO EN JR. HUANCAVELICA Nง227 PIURA DONDE FUNCIONAN LAS OFICINAS 
                                       DE ASESORIA LEGAL Y RECURSOS Y PATRIMONIO, CORRESPONDIENTE AL MES DE       
                                       ENERO/2006 SEGUN RECIBO Nง001-05353269 Y MEMORANDO Nง360-06-SBP-TD.        
                                                                                                                  
                                                                                                                  
                                                                                      Total de Partida : =======>          179.60
                                                                                     Total de la Cadena: =======>          179.60
                                                                                          Total del Mes: =======>        3,327.80
 AฅO : 2006
 Mes : 03
 Cadena : 0003   GESTION ADMINISTRATIVA                                      
 Partida: 531155 LUZ                           
  H/C     Clase                         Detalle                                                                       Valor
อออออออออออออออออออออออออออออออออออออออออออออออออออออออออออออออออออออออออออออออออออออออออออออออออออออออออออออออออออออออออออออออออ
0043.03 0001    LUZ                    AFECTACION PRESUPUESTAL POR CONCEPTO DE: CONSUMO DE ENERGIA ELECTRICA DEL         1,702.50
                                       LOCAL UBICADO EN CALLE LIMA Nง878 - OFICINA CENTRAL DE SBP, CORRESPONDIENTE
                                       AL MES DE FEBRERO/2006 SEGUN RECIBO Nง001-05435199 Y MEMORANDO             
                                       Nง536-06-SBP-TD.                                                           
                                                                                      Total de Partida : =======>        1,702.50
                                                                                     Total de la Cadena: =======>        1,702.50
 Cadena : 0008   ALIMENTACION PARA GRUPO EN RIESGO                           
 Partida: 531155 LUZ                           
  H/C     Clase                         Detalle                                                                       Valor
อออออออออออออออออออออออออออออออออออออออออออออออออออออออออออออออออออออออออออออออออออออออออออออออออออออออออออออออออออออออออออออออออ
0040.03 0001    LUZ                    AFECTACION PRESUPUESTAL POR CONCEPTO DE: CONSUMO DE ENERGIA ELECTRICA DEL           793.10
                                       COMEDOR SOCIAL DE SBP, UBICADO                                             
                                       EN AV. CAYETANO HEREDIA Nง116 CASTILLA, CORRESPONDIENTE AL MES DE          
                                       FEBRERO/2006, SEGUN RECIBO Nง001-05496875 Y MEMORANDO Nง532-06-SBP-TD.     
                                                                                      Total de Partida : =======>          793.10
                                                                                     Total de la Cadena: =======>          793.10
 Cadena : 0011   VENTA DE NICHOS, MAUSOLEOS Y OTROS                          
 Partida: 531155 LUZ                           
  H/C     Clase                         Detalle                                                                       Valor
อออออออออออออออออออออออออออออออออออออออออออออออออออออออออออออออออออออออออออออออออออออออออออออออออออออออออออออออออออออออออออออออออ
0039.03 0001    LUZ                    AFECTACION PRESUPUESTAL POR CONCEPTO DE: CONSUMO DE ENERGIA ELECTRICA DEL           210.20
                                       CEMENTERIO SAN TEODORO - AV. LORETO Nง101, CORRESPONDIENTE AL MES DE       
                                       FEBRERO/2006                                                               
                                       SEGUN RECIBO Nง001-05420599,                                               
                                       MEMORANDO Nง531-06-SBP-TD                                                  
0042.03 0001    LUZ                    AFECTACION PRESUPUESTAL POR CONCEPTO DE: CONSUMO DE ENERGIA ELECTRICA DEL           541.80
                                       CEMENTERIO SAN MIGUEL ARCANGEL CORRESPONDIENTE AL MES DE FEBRERO/2006 SEGUN
                                       RECIBO Nง001-05418750 Y MEMORANDO Nง535-05-SBP-TD.                         
                                                                                      Total de Partida : =======>          752.00
                                                                                     Total de la Cadena: =======>          752.00
 Cadena : 0013   ADMINISTRACION DE INMUEBLES                                 
 Partida: 531155 LUZ                           
  H/C     Clase                         Detalle                                                                       Valor
อออออออออออออออออออออออออออออออออออออออออออออออออออออออออออออออออออออออออออออออออออออออออออออออออออออออออออออออออออออออออออออออออ
0038.03 0001    LUZ                    AFECTACION PRESUPUESTAL POR CONCEPTO DE: CONSUMO DE ENERGIA ELECTRICA DEL            46.80
                                       LOCAL UBICADO EN JR.HUANCAVELICA Nง227 PIURA - OFICINA DE RECURSOS Y       
                                       PATRIMONIO Y ASESORIA LEGAL DE SBP, CORRESPONDIENTE AL MES DE FEBRERO/2006 
                                       SEGUN RECIBO Nง001-05437124 Y MEMORANDO Nง530-06-SBP-TD.                   
0041.03 0001    LUZ                    AFECTACION PRESUPUESTAL POR CONCEPTO DE: CONSUMO DE ENERGIA ELECTRICA DEL            36.30
                                       LOCAL UBICADO EN AV. LUIS MONTERO S/N PROPIEDAD DE LA INSTITUCION,         
                                       CORRESPONDIENTE AL MES DE FEBRERO/2006 SEGUN RECIBO Nง001-05496883 Y       
                                       MEMORANDO Nง533-06-SBP-TD.                                                 
                                                                                      Total de Partida : =======>           83.10
                                                                                     Total de la Cadena: =======>           83.10SOCIEDAD DE BENEFICENCIA DE PIURA  
                                                                                  05/12/2006 P g.    3
                                                                                          Total del Mes: =======>        3,330.70
 AฅO : 2006
 Mes : 04
 Cadena : 0003   GESTION ADMINISTRATIVA                                      
 Partida: 531155 LUZ                           
  H/C     Clase                         Detalle                                                                       Valor
อออออออออออออออออออออออออออออออออออออออออออออออออออออออออออออออออออออออออออออออออออออออออออออออออออออออออออออออออออออออออออออออออ
0060.04 0001    LUZ                    AFECTACION PRESUPUESTAL POR CONCEPTO DE: CONSUMO DE ENERGIA ELECTRICA DEL         1,867.50
                                       LOCAL UBICADO EN CALLE LIMA Nง878 - OFICINA CENTRAL, CORRESPONDIENTE AL MES
                                       DE MARZO/2006 , SEGUN RECIBO Nง001-05501612 Y MEMORANDO Nง791-06-SBP-TD.   
                                                                                      Total de Partida : =======>        1,867.50
                                                                                     Total de la Cadena: =======>        1,867.50
 Cadena : 0008   ALIMENTACION PARA GRUPO EN RIESGO                           
 Partida: 531155 LUZ                           
  H/C     Clase                         Detalle                                                                       Valor
อออออออออออออออออออออออออออออออออออออออออออออออออออออออออออออออออออออออออออออออออออออออออออออออออออออออออออออออออออออออออออออออออ
0063.04 0001    LUZ                    AFECTACION PRESUPUESTAL POR CONCEPTO DE: CONSUMO DE ENERGIA ELECTRICA DEL           860.20
                                       LOCAL UBICADO EN AV. CAYETANO HEREDIA Nง116 - COMEDOR SOCIAL ,             
                                       CORRESPONDIENTE AL MES DE MARZO/2006, SEGUN RECIBO Nง001-05565178 Y        
                                       MEMORANDO Nง794-06-SBP-TD.                                                 
                                                                                                                  
                                                                                                                  
                                                                                      Total de Partida : =======>          860.20
                                                                                     Total de la Cadena: =======>          860.20
 Cadena : 0011   VENTA DE NICHOS, MAUSOLEOS Y OTROS                          
 Partida: 531155 LUZ                           
  H/C     Clase                         Detalle                                                                       Valor
อออออออออออออออออออออออออออออออออออออออออออออออออออออออออออออออออออออออออออออออออออออออออออออออออออออออออออออออออออออออออออออออออ
0061.04 0001    LUZ                    AFECTACION PRESUPUESTAL POR CONCEPTO DE: CONSUMO DE ENERGIA ELECTRICA DEL           241.60
                                       CEMENTERIO SAN TEODORO, AV. LORETO Nง 101, CORRESPONDIENTE AL MES DE       
                                       MARZO/2006                                                                 
                                       SEGUN RECIBO Nง001-05507864, MEMORANDO Nง793-06-SBP-TD.                    
0064.04 0001    LUZ                    AFECTACION PRESUPUESTAL POR CONCEPTO DE: CONSUMO DE ENERGIA ELECTRICA DEL           587.40
                                       CEMENTERIO SAN MIGUEL ARCANGEL, CORESPONDIENTE AL MES DE MARZO/2006, SEGUN 
                                       RECIBO Nง001-05498258 Y MEMORANDO Nง797-06-SBP-TD.                         
                                                                                      Total de Partida : =======>          829.00
                                                                                     Total de la Cadena: =======>          829.00
 Cadena : 0013   ADMINISTRACION DE INMUEBLES                                 
 Partida: 531155 LUZ                           
  H/C     Clase                         Detalle                                                                       Valor
อออออออออออออออออออออออออออออออออออออออออออออออออออออออออออออออออออออออออออออออออออออออออออออออออออออออออออออออออออออออออออออออออ
0062.04 0001    LUZ                    AFECTACION PRESUPUESTAL POR CONCEPTO DE: CONSUMO DE ENERGIA ELCTRICA DEL             45.60
                                       LOCAL UBICADO EN JR. HUANCAVELIVA Nง227 , OFICINA DE RECURSOS Y PATRIMONIO 
                                       DE SBP, CORRESPONDIENTE AL MES DE MARZO/2006, SEGUN RECIBO Nง001-05500786, 
                                       MEMORANDO Nง792-06-SBP-TD.                                                 
                                                                                                                  
0119.04 0001    LUZ                    AFECTACION PRESUPUESTAL POR CONCEPTO DE: CONSUMO DE ENERGIA ELECTRICA DEL            52.30
                                       LOCAL UBICADO EN AV.RAMON CASTILLA Nง365-CASTILLA DE PROPIEDAD DE SBP,     
                                       CORRESPONDIENTE AL MES DE FEBRERO Y MARZO/2006, SEGUN RECIBO               
                                       Nง001-05565181,                                                            
                                       MEMORANDO Nง925-06-SBP-TD.                                                 
0121.04 0001    LUZ                    AFECTACION PRESUPUESTAL POR CONCEPTO DE: CONSUMO DE ENERGIA ELECTRICA DEL           170.90
                                       LOCAL UBICADO EN AV.RAMON CASTILLA Nง353 PROPIEDAD DE SBP, CORRESPONDIENTE 
                                       AL MES DE FEBRERO Y MARZO/2006, SEGUN RECIBO Nง001-05565179 Y MEMORANDO    
                                       Nง933-06-SBP-TD.                                                           
                                                                                                                  
                                                                                      Total de Partida : =======>          268.80
                                                                                     Total de la Cadena: =======>          268.80SOCIEDAD DE BENEFICENCIA DE PIURA  
                                                                                  05/12/2006 P g.    4
                                                                                          Total del Mes: =======>        3,825.50
 AฅO : 2006
 Mes : 05
 Cadena : 0003   GESTION ADMINISTRATIVA                                      
 Partida: 531155 LUZ                           
  H/C     Clase                         Detalle                                                                       Valor
อออออออออออออออออออออออออออออออออออออออออออออออออออออออออออออออออออออออออออออออออออออออออออออออออออออออออออออออออออออออออออออออออ
0068.05 0001    LUZ                    AFECTACION PRESUPUESTAL POR CONCEPTO DE: CONSUMO DE ENERGIA ELECTRICA DEL         1,517.30
                                       LOCAL UBICADO EN CALLE LIMA Nง878 - OFICINA CENTRAL, CORRESPONDIENTE AL MES
                                       DE ABRIL/2006, SEGUN RECIBO Nง001-05586845 Y MEMORANDO Nง1038-06-SBP-TD.   
                                                                                      Total de Partida : =======>        1,517.30
                                                                                     Total de la Cadena: =======>        1,517.30
 Cadena : 0008   ALIMENTACION PARA GRUPO EN RIESGO                           
 Partida: 531155 LUZ                           
  H/C     Clase                         Detalle                                                                       Valor
อออออออออออออออออออออออออออออออออออออออออออออออออออออออออออออออออออออออออออออออออออออออออออออออออออออออออออออออออออออออออออออออออ
0072.05 0001    LUZ                    AFECTACION PRESUPUESTAL POR CONCEPTO DE: CONSUMO DE ENERGIA ELECTRICA DEL           733.50
                                       LOCAL UBICADO EN AV. CAYETANO HEREDIA 116 CASTILLA-COMEDOR SOCIAL DE SBP,  
                                       CORRESPONDIENTE AL MES DE ABRIL/2006, SEGUN RECIBO Nง001-05633674/         
                                       MEMORANDO Nง1042-06-SBP-TD.                                                
                                                                                      Total de Partida : =======>          733.50
                                                                                     Total de la Cadena: =======>          733.50
 Cadena : 0011   VENTA DE NICHOS, MAUSOLEOS Y OTROS                          
 Partida: 531155 LUZ                           
  H/C     Clase                         Detalle                                                                       Valor
อออออออออออออออออออออออออออออออออออออออออออออออออออออออออออออออออออออออออออออออออออออออออออออออออออออออออออออออออออออออออออออออออ
0070.05 0001    LUZ                    AFECTACION PRESUPUESTAL POR CONCEPTO DE: CONSUMO DE ENERGIA ELECTRICA DEL           247.00
                                       CEMENTERIO SAN TEODORO - AV. LORETO Nง 101, CORRESPONDIENTE AL MES DE      
                                       ABRIL/2006                                                                 
                                       SEGUN RECIBO Nง001-05571219, MEMORANDO Nง1040-06-SBP-TD.                   
0071.05 0001    LUZ                    AFECTACION PRESUPUESTAL POR CONCEPTO DE: CONSUMO DE ENERGIA ELECTRICA DEL           496.80
                                       CEMENTERIO SAN MIGUEL ARCANGEL CORRESPONDIENTE AL MES DE ABRIL/2006 SEGUN  
                                       RECIBO Nง001-05566566 Y MEMORANDO Nง1041-06-SBP-TD.                        
                                                                                      Total de Partida : =======>          743.80
                                                                                     Total de la Cadena: =======>          743.80
 Cadena : 0013   ADMINISTRACION DE INMUEBLES                                 
 Partida: 531155 LUZ                           
  H/C     Clase                         Detalle                                                                       Valor
อออออออออออออออออออออออออออออออออออออออออออออออออออออออออออออออออออออออออออออออออออออออออออออออออออออออออออออออออออออออออออออออออ
0069.05 0001    LUZ                    AFECTACION PRESUPUESTAL POR CONCEPTO DE: CONSUMO DE ENERGIA ELECTRICA DEL            32.60
                                       LOCAL UBICADO EN JR. HUANCAVELICA Nง227 OFICINA DE RECURSOS Y PATRIMONIO   
                                       CORRESPONDIENTE AL MES DE ABRIL/2006, SEGUN RECIBO Nง001-05586020 Y        
                                       MEMORANDO Nง1039-06-SBP-TD.                                                
0073.05 0001    LUZ                    AFECTACION PRESUPUESTAL POR CONCEPTO DE: CONSUMO DE ENERGIA ELECTRICA DEL            34.90
                                       LOCAL DE UBICADO EN  AV. LUIS MONTERO S/N CASTILLA PROPIEDAD DE SBP,       
                                       CORRESPONDIENTE AL MES DE ABRIL/2006 SEGUN RECIBO Nง001-05633682 Y         
                                       MEMORANDO Nง1044-06-SBP-TD.                                                
0074.05 0001    LUZ                    AFECTACION PRESUPUESTAL POR CONCEPTO DE: CONSUMO DE ENERGIA ELECTRICA DEL            62.90
                                       LOCAL UBICADO EN AV.RAMON CASTILLA Nง353 CASTILLA PROPIEDAD DE SBP,        
                                       CORRESPONDIENTE AL MES DE ABRIL/2006, SEGUN RECIBO Nง001-05633675 Y        
                                       MEMORANDO Nง1055-06-SBP-TD.                                                
                                                                                      Total de Partida : =======>          130.40
                                                                                     Total de la Cadena: =======>          130.40
                                                                                          Total del Mes: =======>        3,125.00
 AฅO : 2006
 Mes : 06
 Cadena : 0003   GESTION ADMINISTRATIVA                                      
SOCIEDAD DE BENEFICENCIA DE PIURA  
                                                                                  05/12/2006 P g.    5
 Partida: 531155 LUZ                           
  H/C     Clase                         Detalle                                                                       Valor
อออออออออออออออออออออออออออออออออออออออออออออออออออออออออออออออออออออออออออออออออออออออออออออออออออออออออออออออออออออออออออออออออ
0069.06 0001    LUZ                    AFECTACION PRESUPUESTAL POR CONCEPTO DE: CONSUMO DE ENERGIA ELECTRICA  DEL        1,275.10
                                       LOCAL UBICADO EN CALLE LIMA Nง878 -OFICINA CENTRAL, CORRESPONDIENTE AL MES 
                                       DE MAYO/2006, SEGUN RECIBO Nง001-05640107 Y MEMORANDO Nง1275-06-SBP-TD.    
                                                                                      Total de Partida : =======>        1,275.10
                                                                                     Total de la Cadena: =======>        1,275.10
 Cadena : 0008   ALIMENTACION PARA GRUPO EN RIESGO                           
 Partida: 531155 LUZ                           
  H/C     Clase                         Detalle                                                                       Valor
อออออออออออออออออออออออออออออออออออออออออออออออออออออออออออออออออออออออออออออออออออออออออออออออออออออออออออออออออออออออออออออออออ
0073.06 0001    LUZ                    AFECTACION PRESUPUESTAL POR CONCEPTO DE: CONSUMO DE ENERGIA ELECTRICA DEL           630.60
                                       LOCAL UBICADO EN AV. CAYETANO HEREDIA Nง116 - COMEDOR SOCIAL DE SBP,       
                                       CORRESPONDIENTE AL MES DE MAYO/2006, SEGUN RECIBO Nง001-05702324 Y         
                                       MEMORANDO Nง1280-06-SBP-TD.                                                
                                                                                      Total de Partida : =======>          630.60
                                                                                     Total de la Cadena: =======>          630.60
 Cadena : 0011   VENTA DE NICHOS, MAUSOLEOS Y OTROS                          
 Partida: 531155 LUZ                           
  H/C     Clase                         Detalle                                                                       Valor
อออออออออออออออออออออออออออออออออออออออออออออออออออออออออออออออออออออออออออออออออออออออออออออออออออออออออออออออออออออออออออออออออ
0071.06 0001    LUZ                    AFECTACION PRESUPUESTAL POR CONCEPTO DE: CONSUMO DE ENERGIA ELECTRICA DEL           564.20
                                       CEMENTERIO SAN MIGUEL ARCANGEL CORRESPONDIENTE AL MES DE MAYO/2006, SEGUN  
                                       RECIBO Nง001-05635064 Y MEMORANDO Nง1272-06-SBP-TD.                        
0072.06 0001    LUZ                    AFECTACION PRESUPUESTAL POR CONCEPTO DE: CONSUMO DE ENERGIA ELECTRICA DEL           220.30
                                       CEMENTERIO SAN TEODORO - LORETO NORTE Nง101, CORRESPONDIENTE AL MES DE     
                                       MAYO/2006, SEGUN RECIBO Nง001-05648303, MEMORANDO Nง1273-06-SBP-TD.        
                                                                                      Total de Partida : =======>          784.50
                                                                                     Total de la Cadena: =======>          784.50
 Cadena : 0013   ADMINISTRACION DE INMUEBLES                                 
 Partida: 531155 LUZ                           
  H/C     Clase                         Detalle                                                                       Valor
อออออออออออออออออออออออออออออออออออออออออออออออออออออออออออออออออออออออออออออออออออออออออออออออออออออออออออออออออออออออออออออออออ
0070.06 0001    LUZ                    AFECTACION PRESUPUESTAL POR CONCEPTO DE: CONSUMO DE ENERGIA ELECTRICA  DEL           67.50
                                       LOCAL UBICADO EN AV. RAMON CASTILLA Nง353 PROPIEDAD DE SBP,CORRESPONDIENTE 
                                       AL MES DE MAYO/2006, SEGUN RECIBO Nง001-05702325 Y MEMORANDO               
                                       Nง1279-06-SBP-GG.                                                          
0074.06 0001    LUZ                    AFECTACION PRESUPUESTAL POR CONCEPTO DE: CONSUMO DE ENERGIA ELECTRICA DEL            32.10
                                       LOCAL UBICADO EN AV.LUIS MONTERO S/N. CASTILLA, PROPIEDAD DE SBP,          
                                       CORRESPONDIENTE AL MES DE MAYO/2006, SEGUN RECIBO Nง001-05702332 Y         
                                       MEMORANDO Nง1277-06-SBP-TD.                                                
                                                                                      Total de Partida : =======>           99.60
                                                                                     Total de la Cadena: =======>           99.60
                                                                                          Total del Mes: =======>        2,789.80
 AฅO : 2006
 Mes : 07
 Cadena : 0003   GESTION ADMINISTRATIVA                                      
 Partida: 531155 LUZ                           
  H/C     Clase                         Detalle                                                                       Valor
อออออออออออออออออออออออออออออออออออออออออออออออออออออออออออออออออออออออออออออออออออออออออออออออออออออออออออออออออออออออออออออออออ
0085.07 0001    LUZ                    AFECTACION PRESUPUESTAL POR CONCEPTO D4E SERVICIOS DE CONSUMO DE ENERGIA            981.42
                                       ELECTRICA DEL LOCAL DE LA SOCIEDAD DE BENEFICENCIA DE PIURA,               
                                       CORRESPONDIENTE AL MES DE JUNIO DEL PTE. SEGUN RECIBO Nง001-05708811,      
                                       MEMORANDO Nง1561-06-SBP-TD.                                                
                                                                                      Total de Partida : =======>          981.42
                                                                                     Total de la Cadena: =======>          981.42
 Cadena : 0008   ALIMENTACION PARA GRUPO EN RIESGO                           SOCIEDAD DE BENEFICENCIA DE PIURA  
                                                                                  05/12/2006 P g.    6
 Partida: 531155 LUZ                           
  H/C     Clase                         Detalle                                                                       Valor
อออออออออออออออออออออออออออออออออออออออออออออออออออออออออออออออออออออออออออออออออออออออออออออออออออออออออออออออออออออออออออออออออ
0082.07 0001    LUZ                    AFECTACION PRESUPUESTAL POR CONCEPTO DE :CONSUMO DE EMERGIA DEL LOCAL DEL           582.20
                                       COMEDOR  SOCIAL DE LA SBP, UBICADO EN AV. CAYETANO HEREDIA Nง 116          
                                       CORRESPONDIENTE AL MES DE JUNIO DEL 2006 SEGUN                             
                                       RECIBO Nง 001-05771264, MEMORANDO Nง 1557-06-SBP-TD.                       
                                                                                      Total de Partida : =======>          582.20
                                                                                     Total de la Cadena: =======>          582.20
 Cadena : 0011   VENTA DE NICHOS, MAUSOLEOS Y OTROS                          
 Partida: 531155 LUZ                           
  H/C     Clase                         Detalle                                                                       Valor
อออออออออออออออออออออออออออออออออออออออออออออออออออออออออออออออออออออออออออออออออออออออออออออออออออออออออออออออออออออออออออออออออ
0083.07 0001    LUZ                    AFECTACION PRESUPUESTAL POR CONCEPTO DE SERVICIOS DE CONSUMO DE ENERGIA             576.70
                                       ELECTRICA DEL CEMENTERIO SAN MIGUEL ARCANGEL CORRESPONDIENTE AL MES DE     
                                       JUNIO DEL PTE. SEGUN RECIBO Nง001-05703715 Y MEMORANDO Nง1558-06-SBP-TD.   
0083.07 0001    LUZ                    AFECTACION PRESUPUESTAL POR CONCEPTO DE SERVICIOS DE CONSUMO DE ENERGIA              29.30
                                       ELECTRICA DEL CEMENTERIO SAN MIGUEL ARCANGEL CORRESPONDIENTE AL MES DE     
                                       JUNIO DEL PTE. SEGUN RECIBO Nง001-05703715 Y MEMORANDO Nง1558-06-SBP-TD.   
0084.07 0001    LUZ                    AFECTACION PRESUPUESTAL POR CONCEPTO : CONSUMO DE EMERGIA ELECTRICA EN EL           224.90
                                       CEMENTRIO SAN TEODORO, CORRESPONDIENTE MES DE JUNIO DEL 2006 SEGUN RECIBO  
                                       Nง 001-05713382.  MEMORANDO Nง 1559-06-SBP-TD.                             
0084.07 0001    LUZ                    AFECTACION PRESUPUESTAL POR CONCEPTO : CONSUMO DE EMERGIA ELECTRICA EN EL            10.30
                                       CEMENTRIO SAN TEODORO, CORRESPONDIENTE MES DE JUNIO DEL 2006 SEGUN RECIBO  
                                       Nง 001-05713382.  MEMORANDO Nง 1559-06-SBP-TD.                             
                                                                                      Total de Partida : =======>          841.20
                                                                                     Total de la Cadena: =======>          841.20
 Cadena : 0013   ADMINISTRACION DE INMUEBLES                                 
 Partida: 531155 LUZ                           
  H/C     Clase                         Detalle                                                                       Valor
อออออออออออออออออออออออออออออออออออออออออออออออออออออออออออออออออออออออออออออออออออออออออออออออออออออออออออออออออออออออออออออออออ
0086.07 0001    LUZ                    AFECTACION PRESUPUESTAL POR CONCEPTO DE SERVICIOS DE CONSUMO DE ENERGIA              52.45
                                       ELECTRICA DEL LOCAL UBICADO EN AV.RAMON CASTILLA Nง353 PROPIEDAD DE LA     
                                       BENEFICENCIA CORRESPONDIENTE AL MES DE JUNIO DELP TE. SEGUN RECIBO         
                                       Nง001-05771265 Y MEMORANDO Nง1568-06-SBP-TD.                               
                                                                                                                  
                                                                                      Total de Partida : =======>           52.45
                                                                                     Total de la Cadena: =======>           52.45
                                                                                          Total del Mes: =======>        2,457.27
 AฅO : 2006
 Mes : 08
 Cadena : 0003   GESTION ADMINISTRATIVA                                      
 Partida: 531155 LUZ                           
  H/C     Clase                         Detalle                                                                       Valor
อออออออออออออออออออออออออออออออออออออออออออออออออออออออออออออออออออออออออออออออออออออออออออออออออออออออออออออออออออออออออออออออออ
0051.08 0001    LUZ                    AFECTACION PRESUPUESTAL POR CONCEPTO DE SERVICIOS DE CONSUMO DE ENERGIA             961.90
                                       ELECTRICA DEL LOCAL INSTITUCIONAL SITO EN CALLE LIMA Nง878, CORRESPONDIENTE
                                       AL MES DE JULIO DEL PTE. SEGUN RECIBO Nง001-005787550, MEMORANDO           
                                       Nง1784-06-SBP-TD.                                                          
                                                                                      Total de Partida : =======>          961.90
                                                                                     Total de la Cadena: =======>          961.90
 Cadena : 0008   ALIMENTACION PARA GRUPO EN RIESGO                           
 Partida: 531155 LUZ                           
  H/C     Clase                         Detalle                                                                       Valor
อออออออออออออออออออออออออออออออออออออออออออออออออออออออออออออออออออออออออออออออออออออออออออออออออออออออออออออออออออออออออออออออออ
0047.08 0001    LUZ                    AFECTACION PRESUPUESTAL POR CONCEPTO DE SERVICIOS DE CONSUMO DE ENERGIA             525.70
                                       ELECTRICA DEL COMEDOR SOCIAL SITO EN AV. CAYETANO HEREDIA Nง119 CASTILLA   
                                       CORRESPONDIENTE AL MES DE JULIO DEL PTE. SEGUN RECIBO Nง001-05843980, Y    SOCIEDAD DE BENEFICENCIA DE PIURA  
                                                                                  05/12/2006 P g.    7
                                       MEMO Nง1789-06-SBP-TD.                                                     
                                                                                      Total de Partida : =======>          525.70
                                                                                     Total de la Cadena: =======>          525.70
 Cadena : 0011   VENTA DE NICHOS, MAUSOLEOS Y OTROS                          
 Partida: 531155 LUZ                           
  H/C     Clase                         Detalle                                                                       Valor
อออออออออออออออออออออออออออออออออออออออออออออออออออออออออออออออออออออออออออออออออออออออออออออออออออออออออออออออออออออออออออออออออ
0049.08 0001    LUZ                    AFECTACION PRESUPUESTAL POR CONCEPTO DE SERVICIOS DE CONSUMO DE ENERGIA             588.50
                                       ELECTRICA DEL CEMENTERIO SAN MIGUEL ARCANGEL, CORRESPONDIENTE AL MES DE    
                                       JULIO DEL PTE. SEGUN RECIBO Nง001-05784140 Y MEMORANDO Nง1781-06-SBP-TD.   
                                                                                                                  
0050.08 0001    LUZ                    AFECTACION PRESUPUESTAL POR CONCEPTO DE SERVICIOS DE CONSUMO DE ENERGIA             236.10
                                       ELECTRICA DEL CEMENTERIO SAN TEODORO CORRESOINDIENTE AL MES DE JULIO DEL   
                                       PTE. SEGUN RECIBO Nง001-05797499 Y MEMORANDO Nง1782-06-SBP-TD.             
                                                                                      Total de Partida : =======>          824.60
                                                                                     Total de la Cadena: =======>          824.60
 Cadena : 0013   ADMINISTRACION DE INMUEBLES                                 
 Partida: 531155 LUZ                           
  H/C     Clase                         Detalle                                                                       Valor
อออออออออออออออออออออออออออออออออออออออออออออออออออออออออออออออออออออออออออออออออออออออออออออออออออออออออออออออออออออออออออออออออ
0045.08 0001    LUZ                    AFECTACION PRESUPUESTAL POR CONCEPTO DE : POR CONCEPTO DE CONSUMO DE                 91.90
                                       ENERGIA ELECTRICA DEL LOCAL AV. RAMON CASTILLA Nง353 CASTILLA ( DONDE      
                                       FUNCIONA EL MODULO EMERGENCIA MUJER )                                      
                                       CORRESPONDIENTE AL MES DE JULIO DEL PTE. SEGUN RICIBO Nง 001 - 05843981 Y  
                                       MEMORANDO Nง 1878-06-SBP-TD.                                               
0048.08 0001    LUZ                    AFECTACION PRESUPUESTAL POR CONCEPTO DE SERVICIOS DE CONSUMO DE ENERGIA              35.20
                                       ELECTRICA DE LA COCHERA SITO EN AV. LUIS MONTERO S/N CASTILLA,             
                                       CORRESPONDIENTE AL MES JULIO DEL PTE. SEGUN RECIBO Nง001-05843988 Y        
                                       MEMORANDO Nง1779-06-GG.                                                    
0052.08 0001    LUZ                    AFECTACION PRESUPUESTAL POR CONCEPTO DE SERVICIOS DE CONSUMO DE ENERGIA              37.20
                                       ELECTRICA DE LA OFICINA DE RECURSOS Y PATRIMONIO SITO EN JR.HUANCAVELICA   
                                       Nง227 PIURA,CORRESPONDIENTE AL MES DE JULIO DEL PTE. SEGUN RECIBO          
                                       Nง001-05786715/MEMORANDO Nง1783-06-SBP-TD.                                 
                                                                                      Total de Partida : =======>          164.30
                                                                                     Total de la Cadena: =======>          164.30
                                                                                          Total del Mes: =======>        2,476.50
 AฅO : 2006
 Mes : 09
 Cadena : 0003   GESTION ADMINISTRATIVA                                      
 Partida: 531155 LUZ                           
  H/C     Clase                         Detalle                                                                       Valor
อออออออออออออออออออออออออออออออออออออออออออออออออออออออออออออออออออออออออออออออออออออออออออออออออออออออออออออออออออออออออออออออออ
0050.09 0001    LUZ                    AFECTACION PRESUPUESTAL POR CONCEPTO DE SERVICIOS DE CONSUMO DE ENERGIA           1,055.70
                                       ELECTRICA DEL LOCAL INSTITUCIONAL UBICADO EN CALLE LIMA Nง878 PIURA,       
                                       CORRESPONDIENTE AL MES DE AGOSTO DEL PTE. SEGUN RECIBO Nง001-05858495Y     
                                       MEMORANDO Nง2093-06-SBP-TD.                                                
                                                                                                                  
                                                                                      Total de Partida : =======>        1,055.70
                                                                                     Total de la Cadena: =======>        1,055.70
 Cadena : 0008   ALIMENTACION PARA GRUPO EN RIESGO                           
 Partida: 531155 LUZ                           
  H/C     Clase                         Detalle                                                                       Valor
อออออออออออออออออออออออออออออออออออออออออออออออออออออออออออออออออออออออออออออออออออออออออออออออออออออออออออออออออออออออออออออออออ
0053.09 0001    LUZ                    AFECTACION PRESUPUESTAL POR CONCEPTO DE SERVICIOS DE CONSUMO DE ENERGIA             537.20
                                       ELECTRICA DEL COMEDOR SOCIAL DE LA SBP CORRESPONDIENTE AL MES DE AGOSTO DEL
                                       PTE. SEGUN RECIBO Nง001-05921264 Y MEMORANDO Nง2089-06-SBP-TD.             
                                                                                      Total de Partida : =======>          537.20
                                                                                     Total de la Cadena: =======>          537.20SOCIEDAD DE BENEFICENCIA DE PIURA  
                                                                                  05/12/2006 P g.    8
 Cadena : 0011   VENTA DE NICHOS, MAUSOLEOS Y OTROS                          
 Partida: 531155 LUZ                           
  H/C     Clase                         Detalle                                                                       Valor
อออออออออออออออออออออออออออออออออออออออออออออออออออออออออออออออออออออออออออออออออออออออออออออออออออออออออออออออออออออออออออออออออ
0051.09 0001    LUZ                    AFECTACION PRESUPUESTAL POR CONCEPTO DE SERVICIOS DE CONSUMO DE ENERGIA             562.30
                                       ELECTRICA DEL CEMENTERIO SAN MIGUEL ARCANGEL, CORRESPONDIENTE AL MES DE    
                                       AGOSTO DEL PTE. SEGUN RECIBO Nง001-05853326 Y MEMORANDO Nง2092-06-SBP-TD.  
0052.09 0001    LUZ                    AFECTACION PRESUPUESTAL POR CONCEPTO DE SERVICIOS DE CONSUMO DE ENERGIA             257.60
                                       ELECTRICA DEL CEMENTERIO SAN TEODORO CORRESPONDIENTE AL MES DE AGOSTO DEL  
                                       PTE.SEGUN RECIBO Nง001-05863049 Y MEMORANDO Nง2091-06-SBP-TD.              
                                                                                                                  
                                                                                      Total de Partida : =======>          819.90
                                                                                     Total de la Cadena: =======>          819.90
 Cadena : 0013   ADMINISTRACION DE INMUEBLES                                 
 Partida: 531155 LUZ                           
  H/C     Clase                         Detalle                                                                       Valor
อออออออออออออออออออออออออออออออออออออออออออออออออออออออออออออออออออออออออออออออออออออออออออออออออออออออออออออออออออออออออออออออออ
0049.09 0001    LUZ                    AFECTACION PRESUPUESTAL POR CONCEPTO DE SERVICIOS CONSUMO DE ENERGIA                 54.70
                                       ELECTRICA DEL LOCAL UBICADO EN JR.HUANCAVELICA Nง227 PIURA, CORRESPONDIENTE
                                       AL MES DE AGOSTO DEL PTE. SEGUN RECIBO Nง001-05860410, MEMORANDO           
                                       Nง2094-06-SBP-TD.                                                          
0054.09 0001    LUZ                    AFECTACION PRESUPUESTAL POR CONCEPTO DE SERVICIOS DE CONSUMO DE ENERGIA              62.10
                                       ELECTRICA DEL LOCAL UBICADO EN AV.RAMON CASTILLA Nง353 CASTILLA ,          
                                       CORRESPONDIENTE AL MES DE AGOSTO DEL PTE. SEGUN RECIBO Nง001-05921265 Y    
                                       MEMORANDO Nง02118-06-SBP-TD.                                               
                                                                                      Total de Partida : =======>          116.80
                                                                                     Total de la Cadena: =======>          116.80
                                                                                          Total del Mes: =======>        2,529.60
 AฅO : 2006
 Mes : 10
 Cadena : 0003   GESTION ADMINISTRATIVA                                      
 Partida: 531155 LUZ                           
  H/C     Clase                         Detalle                                                                       Valor
อออออออออออออออออออออออออออออออออออออออออออออออออออออออออออออออออออออออออออออออออออออออออออออออออออออออออออออออออออออออออออออออออ
0059.10 0001    LUZ                    AFECTACION PRESUPUESTAL POR CONCEPTO DE SERVICIOS DE CONSUMO DE ENERGIA           1,023.50
                                       ELECTRICA DEL LOCAL INSTITUCIONAL UBICADO EN CALLE LIMA Nง878 PIURA,       
                                       CORRESPONDIENTE AL MES DE SETIEMBRE DEL PTE. SEGUN RECIBO Nง001-05936257 Y 
                                       MEMORANDO Nง2311-06-SBP-TD.                                                
                                                                                      Total de Partida : =======>        1,023.50
                                                                                     Total de la Cadena: =======>        1,023.50
 Cadena : 0008   ALIMENTACION PARA GRUPO EN RIESGO                           
 Partida: 531155 LUZ                           
  H/C     Clase                         Detalle                                                                       Valor
อออออออออออออออออออออออออออออออออออออออออออออออออออออออออออออออออออออออออออออออออออออออออออออออออออออออออออออออออออออออออออออออออ
0057.10 0001    LUZ                    AFECTACION PRESUPUESTAL POR CONCEPTO DE SERVICIO DE ENERGIA ELECTRICA DEL           532.70
                                       LOCAL DEL COMEDOR SOCIAL DE LA SBP CORRESPONDIENTE AL MES DE SETIEMBRE DEL 
                                       PTE. SEGUN RECIBO Nง001-060000356, MEMORANDO Nง2307-06-SBP-TD.             
                                                                                      Total de Partida : =======>          532.70
                                                                                     Total de la Cadena: =======>          532.70
 Cadena : 0011   VENTA DE NICHOS, MAUSOLEOS Y OTROS                          
 Partida: 531155 LUZ                           
  H/C     Clase                         Detalle                                                                       Valor
อออออออออออออออออออออออออออออออออออออออออออออออออออออออออออออออออออออออออออออออออออออออออออออออออออออออออออออออออออออออออออออออออ
0060.10 0001    LUZ                    AFECTACION PRESUPUESTAL POR CONCEPTO DE SERVICIOS DE CONSUMO DE ENERGIA             218.80
                                       ELECTRICA DEL CEMENTERIO SAN TEODORO, CORRESPONDIENTE AL MES DE SETIEMBRE  
                                       DEL PTE                                                                    
                                       SEGUN RECIBO Nง001-05945618 Y MEMORANDO Nง2312-06-SBP-TD.                  
0062.10 0001    LUZ                    AFECTACION PRESUPUESTAL POR CONCEPTO DE SERVICIOS DE CONSUMO DE ENERGIA             463.20SOCIEDAD DE BENEFICENCIA DE PIURA  
                                                                                  05/12/2006 P g.    9
                                       ELECTRICA DEL CEMENTERIO SAN MIGUEL ARCANGEL CORRESPONDIENTE AL MES DE     
                                       SETIEMBRE, SEGUN RECIBO Nง001-05940822, Y MEMORANDO Nง2314-06-SBP-TD.      
                                                                                      Total de Partida : =======>          682.00
                                                                                     Total de la Cadena: =======>          682.00
 Cadena : 0013   ADMINISTRACION DE INMUEBLES                                 
 Partida: 531155 LUZ                           
  H/C     Clase                         Detalle                                                                       Valor
อออออออออออออออออออออออออออออออออออออออออออออออออออออออออออออออออออออออออออออออออออออออออออออออออออออออออออออออออออออออออออออออออ
0058.10 0001    LUZ                    AFECTACION PRESUPUESTAL POR CONCEPTO DE SERVICIOS DE CONSUMO DE ENERGIA              54.60
                                       ELECTRICA DEL LOCAL UBICADO EN AV RAMON CASTILLA Nง353 CASTILLA DE         
                                       PROPIEDAD DE KA BENEFICENCIA CORRESPONDIENTE AL MES DE SETIEMBRE DEL PTE.  
                                       SEGUN RECIBO Nง001-06000357 Y MEMORANDO Nง2308-06-SBP-TD.                  
0061.10 0001    LUZ                    AFECTACION PRESUPUESTAL POR CONCEPTO DE SERVICIOS DE CONSUMO DE ENERGIA              54.20
                                       ELECTRICA DEL LOCAL UBICADO EN JR. HUANCAVELICA Nง227 PIURA DE PROPIEDAD DE
                                       LA BENEFICENCIA CORRESPONDIENTE AL MES DE SETIEMBRE DEL PTE. SEGUN RECIBO  
                                       Nง001-05935689 Y MEMORANDO Nง2313-06-SBP-TD.                               
                                                                                      Total de Partida : =======>          108.80
                                                                                     Total de la Cadena: =======>          108.80
                                                                                          Total del Mes: =======>        2,347.00
 AฅO : 2006
 Mes : 11
 Cadena : 0003   GESTION ADMINISTRATIVA                                      
 Partida: 531155 LUZ                           
  H/C     Clase                         Detalle                                                                       Valor
อออออออออออออออออออออออออออออออออออออออออออออออออออออออออออออออออออออออออออออออออออออออออออออออออออออออออออออออออออออออออออออออออ
0028.11 0001    LUZ                    AFECTACION PRESUPUESTAL POR CONCEPTO DE SERVICIOS DE CONSUMO DE ENERGIA           1,062.80
                                       ELECTRICA DEL LOCAL DE LA INSTITUCION  SITO EN CALLE LIMA Nง878 PIURA,     
                                       CORRESPONDIENTE AL MES DE OCTUBRE DEL PTE. SEGUN RECIBO Nง001-06006136 Y   
                                       MEMORANDO Nง2553-06-SBP-TD.                                                
                                                                                      Total de Partida : =======>        1,062.80
                                                                                     Total de la Cadena: =======>        1,062.80
 Cadena : 0008   ALIMENTACION PARA GRUPO EN RIESGO                           
 Partida: 531155 LUZ                           
  H/C     Clase                         Detalle                                                                       Valor
อออออออออออออออออออออออออออออออออออออออออออออออออออออออออออออออออออออออออออออออออออออออออออออออออออออออออออออออออออออออออออออออออ
0024.11 0001    LUZ                    AFECTACION PRESUPUESTAL POR CONCEPTO DE SERVICIOS DE CONSUMO DE ENERGIA             536.90
                                       ELECTRICA DEL LOCAL AV. CAYETANO HEREDIA Nง116 COMEDOR SCIAL,              
                                       CORRESPONDIENTE AL MES DE OCTUBRE-2006, SEGUN RECIBO Nง001-06080463,       
                                       MEMORANDO Nง2547-06-SBP-TD.                                                
                                                                                      Total de Partida : =======>          536.90
                                                                                     Total de la Cadena: =======>          536.90
 Cadena : 0011   VENTA DE NICHOS, MAUSOLEOS Y OTROS                          
 Partida: 531155 LUZ                           
  H/C     Clase                         Detalle                                                                       Valor
อออออออออออออออออออออออออออออออออออออออออออออออออออออออออออออออออออออออออออออออออออออออออออออออออออออออออออออออออออออออออออออออออ
0026.11 0001    LUZ                    AFECTACION PRESUPUESTAL POR CONCEPTO DE SERVICIOS DE CONSUMO DE ENERGIA             571.60
                                       ELECTRICA DEL CEMENTERIO SAN MIGUEL ARCANGEL CORRESPONDIENTE AL MES DE     
                                       OCTUBRE DEL PTE., SEGUN RECIBO Nง001-06022265 Y MEMORANDO Nง2551-06-SBP-TD.
                                                                                                                  
0027.11 0001    LUZ                    AFECTACION PRESUPUESTAL POR CONCEPTO DE SERVICIOS DE CONSUMO DE ENERGIA             226.90
                                       ELECTRICA DEL CEMENTERIO SAN TEODORO CORRESPONDIENTE AL MES DE OCTUBRE DEL 
                                       PTE., SEGUN RECIBO Nง001-06014403 Y MEMORANDO Nง2552-06-SBP-TD.            
                                                                                      Total de Partida : =======>          798.50
                                                                                     Total de la Cadena: =======>          798.50
 Cadena : 0013   ADMINISTRACION DE INMUEBLES                                 
 Partida: 531155 LUZ                           
  H/C     Clase                         Detalle                                                                       Valor
อออออออออออออออออออออออออออออออออออออออออออออออออออออออออออออออออออออออออออออออออออออออออออออออออออออออออออออออออออออออออออออออออSOCIEDAD DE BENEFICENCIA DE PIURA  
                                                                                  05/12/2006 P g.   10
0025.11 0001    LUZ                    AFECTACION PRESUPUESTAL POR CONCEPTO DE SERVICIOS DE CONSUMO DE ENERGIA              68.40
                                       ELECTRICA DEL LOCAL DE LA AVENIDA RAMON CASTILLA Nง353 CORRESPONDIENTE AL  
                                       MES DE OCTUBRE DEL PTE., SEGUN RECIBO Nง001-06080464 Y MEMORANDO           
                                       Nง2548-06-SBP-TD.                                                          
0029.11 0001    LUZ                    AFECTACION PRESUPUESTAL POR CONCEPTO DE SERVICIOS DE CONSUMO DE ENERGIA              53.90
                                       ELECTRICA, DEL LOCAL JR. HUANCAVELICA Nง227 PIURA  CORRESPONDIENTE AL MES  
                                       DE OCTUBRE DEL PTE., SEGUN RECIBO Nง001-06008051 Y MEMORANDO               
                                       Nง2554-06-SBP-GG.                                                          
                                                                                      Total de Partida : =======>          122.30
                                                                                     Total de la Cadena: =======>          122.30
                                                                                          Total del Mes: =======>        2,520.50
